Component: Arm Compiler for Embedded 6.19 Tool: armlink [5e73cb00]

==============================================================================

Section Cross References

    instask.o(.text.StartINSTask) refers to bmi088.o(.text.BMI088_init) for BMI088_init
    instask.o(.text.StartINSTask) refers to cmsis_os.o(.text.osDelay) for osDelay
    instask.o(.text.StartINSTask) refers to instask.o(.bss.bmi088_real_data) for bmi088_real_data
    instask.o(.text.StartINSTask) refers to bmi088.o(.text.BMI088_read) for BMI088_read
    instask.o(.text.StartINSTask) refers to instask.o(.bss.imu_temp_pid) for imu_temp_pid
    instask.o(.text.StartINSTask) refers to pid.o(.text.PID_Delta_init) for PID_Delta_init
    instask.o(.text.StartINSTask) refers to instask.o(.text.imu_cali_slove) for imu_cali_slove
    instask.o(.text.StartINSTask) refers to instask.o(.bss.INS_accel) for INS_accel
    instask.o(.text.StartINSTask) refers to instask.o(.bss.INS_quat) for INS_quat
    instask.o(.text.StartINSTask) refers to instask.o(.bss.INS_mag) for INS_mag
    instask.o(.text.StartINSTask) refers to ahrs.o(i.AHRS_init) for AHRS_init
    instask.o(.text.StartINSTask) refers to instask.o(.bss.accel_fliter_3) for accel_fliter_3
    instask.o(.text.StartINSTask) refers to instask.o(.bss.accel_fliter_2.0) for accel_fliter_2.0
    instask.o(.text.StartINSTask) refers to instask.o(.bss.accel_fliter_2.2) for accel_fliter_2.2
    instask.o(.text.StartINSTask) refers to instask.o(.bss.BMI088_FIFO) for BMI088_FIFO
    instask.o(.text.StartINSTask) refers to instask.o(.bss.accel_fliter_2.1) for accel_fliter_2.1
    instask.o(.text.StartINSTask) refers to instask.o(.bss.BMI088_read_data) for BMI088_read_data
    instask.o(.text.StartINSTask) refers to instask.o(.data.Eff) for Eff
    instask.o(.text.StartINSTask) refers to instask.o(.bss.kalman) for kalman
    instask.o(.text.StartINSTask) refers to cmsis_os.o(.text.osKernelSysTick) for osKernelSysTick
    instask.o(.text.StartINSTask) refers to rt_memmove_w.o(.text) for __aeabi_memmove4
    instask.o(.text.StartINSTask) refers to instask.o(.bss.eff_x) for eff_x
    instask.o(.text.StartINSTask) refers to instask.o(.bss.eff_y) for eff_y
    instask.o(.text.StartINSTask) refers to instask.o(.bss.eff_z) for eff_z
    instask.o(.text.StartINSTask) refers to instask.o(.bss.mygetqval) for mygetqval
    instask.o(.text.StartINSTask) refers to instask.o(.bss.INS_gyro) for INS_gyro
    instask.o(.text.StartINSTask) refers to instask.o(.bss.first_temperate) for first_temperate
    instask.o(.text.StartINSTask) refers to pid.o(.text.f_PID_Delta_Calc) for f_PID_Delta_Calc
    instask.o(.text.StartINSTask) refers to instask.o(.bss.imu_temp_control.temp_constant_time) for imu_temp_control.temp_constant_time
    instask.o(.text.StartINSTask) refers to tim.o(.bss.htim10) for htim10
    instask.o(.text.StartINSTask) refers to instask.o(.bss.INS_angle) for INS_angle
    instask.o(.text.StartINSTask) refers to instask.o(.bss.Imu) for Imu
    instask.o(.text.StartINSTask) refers to ahrs.o(i.AHRS_update) for AHRS_update
    instask.o(.text.StartINSTask) refers to ahrs.o(i.get_angle) for get_angle
    instask.o(.text.StartINSTask) refers to cmsis_os.o(.text.osDelayUntil) for osDelayUntil
    instask.o(.ARM.exidx.text.StartINSTask) refers to instask.o(.text.StartINSTask) for [Anonymous Symbol]
    instask.o(.text.imu_cali_slove) refers to instask.o(.bss.bmi088_real_data) for bmi088_real_data
    instask.o(.text.imu_cali_slove) refers to instask.o(.bss.ist8310_real_data) for ist8310_real_data
    instask.o(.text.imu_cali_slove) refers to instask.o(.data.mag_scale_factor) for mag_scale_factor
    instask.o(.text.imu_cali_slove) refers to instask.o(.data.gyro_scale_factor) for gyro_scale_factor
    instask.o(.text.imu_cali_slove) refers to instask.o(.data.accel_scale_factor) for accel_scale_factor
    instask.o(.text.imu_cali_slove) refers to instask.o(.bss.gyro_offset) for gyro_offset
    instask.o(.text.imu_cali_slove) refers to instask.o(.bss.INS_gyro) for INS_gyro
    instask.o(.text.imu_cali_slove) refers to instask.o(.bss.accel_offset) for accel_offset
    instask.o(.text.imu_cali_slove) refers to instask.o(.bss.INS_accel) for INS_accel
    instask.o(.text.imu_cali_slove) refers to instask.o(.bss.mag_offset) for mag_offset
    instask.o(.text.imu_cali_slove) refers to instask.o(.bss.INS_mag) for INS_mag
    instask.o(.ARM.exidx.text.imu_cali_slove) refers to instask.o(.text.imu_cali_slove) for [Anonymous Symbol]
    haltick.o(.text.micros) refers to stm32f4xx_hal.o(.text.HAL_GetTick) for HAL_GetTick
    haltick.o(.text.micros) refers to haltick.o(.bss.haltick) for haltick
    haltick.o(.ARM.exidx.text.micros) refers to haltick.o(.text.micros) for [Anonymous Symbol]
    haltick.o(.text.delay_us) refers to stm32f4xx_hal.o(.text.HAL_GetTick) for HAL_GetTick
    haltick.o(.text.delay_us) refers to haltick.o(.bss.haltick) for haltick
[...]
    [Anonymous Symbol]                       0x08001856   Section        0  stm32f4xx_hal_tim_ex.o(.text.HAL_TIMEx_CommutCallback)
    [Anonymous Symbol]                       0x08001858   Section        0  stm32f4xx_hal_tim.o(.text.HAL_TIM_Base_Init)
    [Anonymous Symbol]                       0x080018b0   Section        0  tim.o(.text.HAL_TIM_Base_MspInit)
    [Anonymous Symbol]                       0x080018e2   Section        0  stm32f4xx_hal_tim.o(.text.HAL_TIM_Base_Start_IT)
    [Anonymous Symbol]                       0x08001982   Section        0  stm32f4xx_hal_tim.o(.text.HAL_TIM_IC_CaptureCallback)
    [Anonymous Symbol]                       0x08001984   Section        0  stm32f4xx_hal_tim.o(.text.HAL_TIM_IRQHandler)
    [Anonymous Symbol]                       0x08001aee   Section        0  tim.o(.text.HAL_TIM_MspPostInit)
    [Anonymous Symbol]                       0x08001b3c   Section        0  stm32f4xx_hal_tim.o(.text.HAL_TIM_OC_DelayElapsedCallback)
    [Anonymous Symbol]                       0x08001b40   Section        0  stm32f4xx_hal_tim.o(.text.HAL_TIM_PWM_ConfigChannel)
    [Anonymous Symbol]                       0x08001bd8   Section        0  stm32f4xx_hal_tim.o(.text.HAL_TIM_PWM_Init)
    [Anonymous Symbol]                       0x08001c30   Section        0  stm32f4xx_hal_tim.o(.text.HAL_TIM_PWM_MspInit)
    [Anonymous Symbol]                       0x08001c32   Section        0  stm32f4xx_hal_tim.o(.text.HAL_TIM_PWM_PulseFinishedCallback)
    [Anonymous Symbol]                       0x08001c34   Section        0  main.o(.text.HAL_TIM_PeriodElapsedCallback)
    [Anonymous Symbol]                       0x08001c42   Section        0  stm32f4xx_hal_tim.o(.text.HAL_TIM_TriggerCallback)
    [Anonymous Symbol]                       0x08001c44   Section        0  stm32f4xx_hal_uart.o(.text.HAL_UARTEx_RxEventCallback)
    [Anonymous Symbol]                       0x08001c46   Section        0  stm32f4xx_hal_uart.o(.text.HAL_UART_ErrorCallback)
    [Anonymous Symbol]                       0x08001c48   Section        0  stm32f4xx_hal_uart.o(.text.HAL_UART_IRQHandler)
    [Anonymous Symbol]                       0x08001efc   Section        0  stm32f4xx_hal_uart.o(.text.HAL_UART_Init)
    [Anonymous Symbol]                       0x08001f58   Section        0  usart.o(.text.HAL_UART_MspInit)
    [Anonymous Symbol]                       0x080020fe   Section        0  stm32f4xx_hal_uart.o(.text.HAL_UART_RxCpltCallback)
    [Anonymous Symbol]                       0x08002100   Section        0  stm32f4xx_hal_uart.o(.text.HAL_UART_TxCpltCallback)
    [Anonymous Symbol]                       0x08002104   Section        0  stm32f4xx_it.o(.text.HardFault_Handler)
    [Anonymous Symbol]                       0x08002108   Section        0  freertos.o(.text.INSTask)
    [Anonymous Symbol]                       0x08002114   Section        0  can.o(.text.MX_CAN1_Init)
    [Anonymous Symbol]                       0x08002158   Section        0  can.o(.text.MX_CAN2_Init)
    [Anonymous Symbol]                       0x0800219c   Section        0  dma.o(.text.MX_DMA_Init)
    [Anonymous Symbol]                       0x080021f8   Section        0  freertos.o(.text.MX_FREERTOS_Init)
    [Anonymous Symbol]                       0x08002248   Section        0  gpio.o(.text.MX_GPIO_Init)
    [Anonymous Symbol]                       0x0800240e   Section        0  spi.o(.text.MX_SPI1_Init)
    [Anonymous Symbol]                       0x08002458   Section        0  tim.o(.text.MX_TIM10_Init)
    [Anonymous Symbol]                       0x080024d6   Section        0  usart.o(.text.MX_USART1_UART_Init)
    [Anonymous Symbol]                       0x08002510   Section        0  usart.o(.text.MX_USART3_UART_Init)
    [Anonymous Symbol]                       0x08002550   Section        0  stm32f4xx_it.o(.text.MemManage_Handler)
    [Anonymous Symbol]                       0x08002554   Section        0  stm32f4xx_it.o(.text.NMI_Handler)
    [Anonymous Symbol]                       0x08002560   Section        0  port.o(.text.PendSV_Handler)
    pxCurrentTCBConst                        0x080025c0   Number         0  port.o(.text.PendSV_Handler)
    [Anonymous Symbol]                       0x080025d0   Section        0  port.o(.text.SVC_Handler)
    pxCurrentTCBConst2                       0x080025f0   Number         0  port.o(.text.SVC_Handler)
    [Anonymous Symbol]                       0x080025f4   Section        0  port.o(.text.SysTick_Handler)
    [Anonymous Symbol]                       0x08002624   Section        0  main.o(.text.SystemClock_Config)
    [Anonymous Symbol]                       0x080026d2   Section        0  system_stm32f4xx.o(.text.SystemInit)
    [Anonymous Symbol]                       0x080026e4   Section        0  stm32f4xx_it.o(.text.TIM2_IRQHandler)
    [Anonymous Symbol]                       0x080026f0   Section        0  stm32f4xx_hal_tim.o(.text.TIM_Base_SetConfig)
    TIM_OC1_SetConfig                        0x0800280d   Thumb Code   100  stm32f4xx_hal_tim.o(.text.TIM_OC1_SetConfig)
    [Anonymous Symbol]                       0x0800280c   Section        0  stm32f4xx_hal_tim.o(.text.TIM_OC1_SetConfig)
    [Anonymous Symbol]                       0x08002870   Section        0  stm32f4xx_hal_tim.o(.text.TIM_OC2_SetConfig)
    TIM_OC3_SetConfig                        0x080028d9   Thumb Code   102  stm32f4xx_hal_tim.o(.text.TIM_OC3_SetConfig)
    [Anonymous Symbol]                       0x080028d8   Section        0  stm32f4xx_hal_tim.o(.text.TIM_OC3_SetConfig)
    TIM_OC4_SetConfig                        0x0800293f   Thumb Code    78  stm32f4xx_hal_tim.o(.text.TIM_OC4_SetConfig)
    [Anonymous Symbol]                       0x0800293e   Section        0  stm32f4xx_hal_tim.o(.text.TIM_OC4_SetConfig)
    UART_DMAAbortOnError                     0x0800298d   Thumb Code    12  stm32f4xx_hal_uart.o(.text.UART_DMAAbortOnError)
    [Anonymous Symbol]                       0x0800298c   Section        0  stm32f4xx_hal_uart.o(.text.UART_DMAAbortOnError)
    UART_EndRxTransfer                       0x08002999   Thumb Code    80  stm32f4xx_hal_uart.o(.text.UART_EndRxTransfer)
    [Anonymous Symbol]                       0x08002998   Section        0  stm32f4xx_hal_uart.o(.text.UART_EndRxTransfer)
    UART_Receive_IT                          0x080029e9   Thumb Code   196  stm32f4xx_hal_uart.o(.text.UART_Receive_IT)
    [Anonymous Symbol]                       0x080029e8   Section        0  stm32f4xx_hal_uart.o(.text.UART_Receive_IT)
    UART_SetConfig                           0x08002aad   Thumb Code   232  stm32f4xx_hal_uart.o(.text.UART_SetConfig)
    [Anonymous Symbol]                       0x08002aac   Section        0  stm32f4xx_hal_uart.o(.text.UART_SetConfig)
    [Anonymous Symbol]                       0x08002b94   Section        0  stm32f4xx_it.o(.text.USART1_IRQHandler)
    [Anonymous Symbol]                       0x08002ba0   Section        0  stm32f4xx_it.o(.text.USART3_IRQHandler)
    [Anonymous Symbol]                       0x08002bac   Section        0  stm32f4xx_it.o(.text.UsageFault_Handler)
    [Anonymous Symbol]                       0x08002bb0   Section        0  motor.o(.text.get_Motor_Data)
    [Anonymous Symbol]                       0x08002d7c   Section        0  main.o(.text.main)
    [Anonymous Symbol]                       0x08002dae   Section        0  cmsis_os.o(.text.osDelay)
    [Anonymous Symbol]                       0x08002dbe   Section        0  cmsis_os.o(.text.osKernelStart)
    [Anonymous Symbol]                       0x08002dc8   Section        0  cmsis_os.o(.text.osThreadCreate)
    prvAddCurrentTaskToDelayedList           0x08002e23   Thumb Code   168  tasks.o(.text.prvAddCurrentTaskToDelayedList)
    [Anonymous Symbol]                       0x08002e22   Section        0  tasks.o(.text.prvAddCurrentTaskToDelayedList)
    prvAddNewTaskToReadyList                 0x08002ecd   Thumb Code   278  tasks.o(.text.prvAddNewTaskToReadyList)
    [Anonymous Symbol]                       0x08002ecc   Section        0  tasks.o(.text.prvAddNewTaskToReadyList)
    prvDeleteTCB                             0x08002fe5   Thumb Code    54  tasks.o(.text.prvDeleteTCB)
    [Anonymous Symbol]                       0x08002fe4   Section        0  tasks.o(.text.prvDeleteTCB)
    prvIdleTask                              0x0800301d   Thumb Code   108  tasks.o(.text.prvIdleTask)
    [Anonymous Symbol]                       0x0800301c   Section        0  tasks.o(.text.prvIdleTask)
    prvInitialiseNewTask                     0x08003089   Thumb Code   156  tasks.o(.text.prvInitialiseNewTask)
    [Anonymous Symbol]                       0x08003088   Section        0  tasks.o(.text.prvInitialiseNewTask)
    prvInsertBlockIntoFreeList               0x08003125   Thumb Code    82  heap_4.o(.text.prvInsertBlockIntoFreeList)
    [Anonymous Symbol]                       0x08003124   Section        0  heap_4.o(.text.prvInsertBlockIntoFreeList)
    prvPortStartFirstTask                    0x08003179   Thumb Code    34  port.o(.text.prvPortStartFirstTask)
    [Anonymous Symbol]                       0x08003178   Section        0  port.o(.text.prvPortStartFirstTask)
    prvTaskExitError                         0x080031a1   Thumb Code    50  port.o(.text.prvTaskExitError)
    [Anonymous Symbol]                       0x080031a0   Section        0  port.o(.text.prvTaskExitError)
    [Anonymous Symbol]                       0x080031d4   Section        0  heap_4.o(.text.pvPortMalloc)
    [Anonymous Symbol]                       0x08003364   Section        0  port.o(.text.pxPortInitialiseStack)
    [Anonymous Symbol]                       0x0800338c   Section        0  list.o(.text.uxListRemove)
    [Anonymous Symbol]                       0x080033b0   Section        0  freertos.o(.text.vApplicationGetIdleTaskMemory)
    [Anonymous Symbol]                       0x080033ca   Section        0  list.o(.text.vListInitialise)
    [Anonymous Symbol]                       0x080033e0   Section        0  list.o(.text.vListInitialiseItem)
    [Anonymous Symbol]                       0x080033e8   Section        0  list.o(.text.vListInsert)
    [Anonymous Symbol]                       0x08003422   Section        0  list.o(.text.vListInsertEnd)
    vPortEnableVFP                           0x08003441   Thumb Code    14  port.o(.text.vPortEnableVFP)
    [Anonymous Symbol]                       0x08003440   Section        0  port.o(.text.vPortEnableVFP)
    [Anonymous Symbol]                       0x08003454   Section        0  port.o(.text.vPortEnterCritical)
    [Anonymous Symbol]                       0x08003498   Section        0  port.o(.text.vPortExitCritical)
    [Anonymous Symbol]                       0x080034c8   Section        0  heap_4.o(.text.vPortFree)
    [Anonymous Symbol]                       0x08003550   Section        0  port.o(.text.vPortSetupTimerInterrupt)
    [Anonymous Symbol]                       0x08003584   Section        0  tasks.o(.text.vTaskDelay)
    [Anonymous Symbol]                       0x080035d4   Section        0  tasks.o(.text.vTaskStartScheduler)
    [Anonymous Symbol]                       0x08003654   Section        0  tasks.o(.text.vTaskSuspendAll)
    [Anonymous Symbol]                       0x08003664   Section        0  tasks.o(.text.vTaskSwitchContext)
    [Anonymous Symbol]                       0x080036e8   Section        0  port.o(.text.xPortStartScheduler)
    [Anonymous Symbol]                       0x08003812   Section        0  tasks.o(.text.xTaskCreate)
    [Anonymous Symbol]                       0x0800386c   Section        0  tasks.o(.text.xTaskCreateStatic)
    [Anonymous Symbol]                       0x080038e4   Section        0  tasks.o(.text.xTaskIncrementTick)
    [Anonymous Symbol]                       0x08003a64   Section        0  tasks.o(.text.xTaskResumeAll)
    $v0                                      0x08003b96   Number         0  fpinit.o(x$fpl$fpinit)
    x$fpl$fpinit                             0x08003b96   Section       26  fpinit.o(x$fpl$fpinit)
    DMA_CalcBaseAndBitshift.flagBitshiftOffset 0x08003bc8   Data           8  stm32f4xx_hal_dma.o(.rodata.cst8)
    [Anonymous Symbol]                       0x08003bc8   Section        0  stm32f4xx_hal_dma.o(.rodata.cst8)
    [Anonymous Symbol]                       0x08003bd0   Section        0  freertos.o(.rodata.str1.1)
    uxCriticalNesting                        0x2000003c   Data           4  port.o(.data.uxCriticalNesting)
    [Anonymous Symbol]                       0x2000003c   Section        0  port.o(.data.uxCriticalNesting)
    .bss                                     0x20000040   Section       96  libspace.o(.bss)
    HAL_RCC_CAN1_CLK_ENABLED                 0x200000a0   Data           4  can.o(.bss.HAL_RCC_CAN1_CLK_ENABLED)
    [Anonymous Symbol]                       0x200000a0   Section        0  can.o(.bss.HAL_RCC_CAN1_CLK_ENABLED)
    encoder2Angle.angle_Last                 0x200000a4   Data           8  motor.o(.bss.encoder2Angle.angle_Last)
    [Anonymous Symbol]                       0x200000a4   Section        0  motor.o(.bss.encoder2Angle.angle_Last)
    encoder2Angle.result_Encoder             0x200000ac   Data           8  motor.o(.bss.encoder2Angle.result_Encoder)
    [Anonymous Symbol]                       0x200000ac   Section        0  motor.o(.bss.encoder2Angle.result_Encoder)
    pxDelayedTaskList                        0x20000360   Data           4  tasks.o(.bss.pxDelayedTaskList)
    [Anonymous Symbol]                       0x20000360   Section        0  tasks.o(.bss.pxDelayedTaskList)
    pxEnd                                    0x20000364   Data           4  heap_4.o(.bss.pxEnd)
    [Anonymous Symbol]                       0x20000364   Section        0  heap_4.o(.bss.pxEnd)
    pxOverflowDelayedTaskList                0x20000368   Data           4  tasks.o(.bss.pxOverflowDelayedTaskList)
    [Anonymous Symbol]                       0x20000368   Section        0  tasks.o(.bss.pxOverflowDelayedTaskList)
    pxReadyTasksLists                        0x2000036c   Data         140  tasks.o(.bss.pxReadyTasksLists)
    [Anonymous Symbol]                       0x2000036c   Section        0  tasks.o(.bss.pxReadyTasksLists)
    ucHeap                                   0x200003f8   Data       15360  heap_4.o(.bss.ucHeap)
    [Anonymous Symbol]                       0x200003f8   Section        0  heap_4.o(.bss.ucHeap)
    ucMaxSysCallPriority                     0x20003ff8   Data           1  port.o(.bss.ucMaxSysCallPriority)
    [Anonymous Symbol]                       0x20003ff8   Section        0  port.o(.bss.ucMaxSysCallPriority)
    ulMaxPRIGROUPValue                       0x20003ffc   Data           4  port.o(.bss.ulMaxPRIGROUPValue)
    [Anonymous Symbol]                       0x20003ffc   Section        0  port.o(.bss.ulMaxPRIGROUPValue)
    uxCurrentNumberOfTasks                   0x20004004   Data           4  tasks.o(.bss.uxCurrentNumberOfTasks)
    [Anonymous Symbol]                       0x20004004   Section        0  tasks.o(.bss.uxCurrentNumberOfTasks)
    uxDeletedTasksWaitingCleanUp             0x20004008   Data           4  tasks.o(.bss.uxDeletedTasksWaitingCleanUp)
    [Anonymous Symbol]                       0x20004008   Section        0  tasks.o(.bss.uxDeletedTasksWaitingCleanUp)
    uxSchedulerSuspended                     0x2000400c   Data           4  tasks.o(.bss.uxSchedulerSuspended)
    [Anonymous Symbol]                       0x2000400c   Section        0  tasks.o(.bss.uxSchedulerSuspended)
    uxTaskNumber                             0x20004010   Data           4  tasks.o(.bss.uxTaskNumber)
    [Anonymous Symbol]                       0x20004010   Section        0  tasks.o(.bss.uxTaskNumber)
    uxTopReadyPriority                       0x20004014   Data           4  tasks.o(.bss.uxTopReadyPriority)
    [Anonymous Symbol]                       0x20004014   Section        0  tasks.o(.bss.uxTopReadyPriority)
    xBlockAllocatedBit                       0x20004018   Data           1  heap_4.o(.bss.xBlockAllocatedBit)
    [Anonymous Symbol]                       0x20004018   Section        0  heap_4.o(.bss.xBlockAllocatedBit)
    xDelayedTaskList1                        0x2000401c   Data          20  tasks.o(.bss.xDelayedTaskList1)
    [Anonymous Symbol]                       0x2000401c   Section        0  tasks.o(.bss.xDelayedTaskList1)
    xDelayedTaskList2                        0x20004030   Data          20  tasks.o(.bss.xDelayedTaskList2)
    [Anonymous Symbol]                       0x20004030   Section        0  tasks.o(.bss.xDelayedTaskList2)
    xFreeBytesRemaining                      0x20004044   Data           4  heap_4.o(.bss.xFreeBytesRemaining)
    [Anonymous Symbol]                       0x20004044   Section        0  heap_4.o(.bss.xFreeBytesRemaining)
    xIdleStack                               0x20004048   Data         512  freertos.o(.bss.xIdleStack)
    [Anonymous Symbol]                       0x20004048   Section        0  freertos.o(.bss.xIdleStack)
    xIdleTaskHandle                          0x20004248   Data           4  tasks.o(.bss.xIdleTaskHandle)
    [Anonymous Symbol]                       0x20004248   Section        0  tasks.o(.bss.xIdleTaskHandle)
    xIdleTaskTCBBuffer                       0x2000424c   Data          84  freertos.o(.bss.xIdleTaskTCBBuffer)
    [Anonymous Symbol]                       0x2000424c   Section        0  freertos.o(.bss.xIdleTaskTCBBuffer)
    xMinimumEverFreeBytesRemaining           0x200042a0   Data           4  heap_4.o(.bss.xMinimumEverFreeBytesRemaining)
    [Anonymous Symbol]                       0x200042a0   Section        0  heap_4.o(.bss.xMinimumEverFreeBytesRemaining)
    xNextTaskUnblockTime                     0x200042a4   Data           4  tasks.o(.bss.xNextTaskUnblockTime)
    [Anonymous Symbol]                       0x200042a4   Section        0  tasks.o(.bss.xNextTaskUnblockTime)
    xNumOfOverflows                          0x200042a8   Data           4  tasks.o(.bss.xNumOfOverflows)
    [Anonymous Symbol]                       0x200042a8   Section        0  tasks.o(.bss.xNumOfOverflows)
    xNumberOfSuccessfulAllocations           0x200042ac   Data           4  heap_4.o(.bss.xNumberOfSuccessfulAllocations)
    [Anonymous Symbol]                       0x200042ac   Section        0  heap_4.o(.bss.xNumberOfSuccessfulAllocations)
    xNumberOfSuccessfulFrees                 0x200042b0   Data           4  heap_4.o(.bss.xNumberOfSuccessfulFrees)
    [Anonymous Symbol]                       0x200042b0   Section        0  heap_4.o(.bss.xNumberOfSuccessfulFrees)
    xPendedTicks                             0x200042b4   Data           4  tasks.o(.bss.xPendedTicks)
    [Anonymous Symbol]                       0x200042b4   Section        0  tasks.o(.bss.xPendedTicks)
    xPendingReadyList                        0x200042b8   Data          20  tasks.o(.bss.xPendingReadyList)
    [Anonymous Symbol]                       0x200042b8   Section        0  tasks.o(.bss.xPendingReadyList)
    xSchedulerRunning                        0x200042cc   Data           4  tasks.o(.bss.xSchedulerRunning)
    [Anonymous Symbol]                       0x200042cc   Section        0  tasks.o(.bss.xSchedulerRunning)
    xStart                                   0x200042d0   Data           8  heap_4.o(.bss.xStart)
    [Anonymous Symbol]                       0x200042d0   Section        0  heap_4.o(.bss.xStart)
    xSuspendedTaskList                       0x200042d8   Data          20  tasks.o(.bss.xSuspendedTaskList)
    [Anonymous Symbol]                       0x200042d8   Section        0  tasks.o(.bss.xSuspendedTaskList)
    xTasksWaitingTermination                 0x200042ec   Data          20  tasks.o(.bss.xTasksWaitingTermination)
    [Anonymous Symbol]                       0x200042ec   Section        0  tasks.o(.bss.xTasksWaitingTermination)
    xTickCount                               0x20004300   Data           4  tasks.o(.bss.xTickCount)
    [Anonymous Symbol]                       0x20004300   Section        0  tasks.o(.bss.xTickCount)
    xYieldPending                            0x20004304   Data           4  tasks.o(.bss.xYieldPending)
    [Anonymous Symbol]                       0x20004304   Section        0  tasks.o(.bss.xYieldPending)
    Heap_Mem                                 0x20004308   Data         512  startup_stm32f407xx.o(HEAP)
    HEAP                                     0x20004308   Section      512  startup_stm32f407xx.o(HEAP)
    Stack_Mem                                0x20004508   Data        1024  startup_stm32f407xx.o(STACK)
    STACK                                    0x20004508   Section     1024  startup_stm32f407xx.o(STACK)
    __initial_sp                             0x20004908   Data           0  startup_stm32f407xx.o(STACK)

    Global Symbols

    Symbol Name                              Value     Ov Type        Size  Object(Section)

    BuildAttributes$$THM_ISAv4$E$P$D$K$B$S$7EM$VFPi3$EXTD16$VFPS$VFMA$PE$A:L22UL41UL21$X:L11$S22US41US21$IEEE1$IW$~IW$USESV6$~STKCKD$USESV7$~SHL$OTIME$ROPI$IEEEX$EBA8$UX$STANDARDLIB$REQ8$PRES8$EABIv2 0x00000000   Number         0  anon$$obj.o ABSOLUTE
    __ARM_exceptions_init                     - Undefined Weak Reference
    __alloca_initialize                       - Undefined Weak Reference
    __arm_preinit_                            - Undefined Weak Reference
    __arm_relocate_pie_                       - Undefined Weak Reference
    __cpp_initialize__aeabi_                  - Undefined Weak Reference
    __cxa_finalize                            - Undefined Weak Reference
    __rt_locale                               - Undefined Weak Reference
    __sigvec_lookup                           - Undefined Weak Reference
    _atexit_init                              - Undefined Weak Reference
    _call_atexit_fns                          - Undefined Weak Reference
    _clock_init                               - Undefined Weak Reference
    _fp_trap_init                             - Undefined Weak Reference
    _fp_trap_shutdown                         - Undefined Weak Reference
    _get_lc_collate                           - Undefined Weak Reference
    _get_lc_ctype                             - Undefined Weak Reference
    _get_lc_monetary                          - Undefined Weak Reference
    _get_lc_numeric                           - Undefined Weak Reference
    _get_lc_time                              - Undefined Weak Reference
    _getenv_init                              - Undefined Weak Reference
    _handle_redirection                       - Undefined Weak Reference
    _init_alloc                               - Undefined Weak Reference
    _init_user_alloc                          - Undefined Weak Reference
    _initio                                   - Undefined Weak Reference
    _rand_init                                - Undefined Weak Reference
    _signal_finish                            - Undefined Weak Reference
    _signal_init                              - Undefined Weak Reference
    _terminate_alloc                          - Undefined Weak Reference
    _terminate_user_alloc                     - Undefined Weak Reference
    _terminateio                              - Undefined Weak Reference
    __Vectors_Size                           0x00000188   Number         0  startup_stm32f407xx.o ABSOLUTE
    __Vectors                                0x08000000   Data           4  startup_stm32f407xx.o(RESET)
    __Vectors_End                            0x08000188   Data           0  startup_stm32f407xx.o(RESET)
    __main                                   0x08000189   Thumb Code     8  __main.o(!!!main)
    __scatterload                            0x08000191   Thumb Code     0  __scatter.o(!!!scatter)
    __scatterload_rt2                        0x08000191   Thumb Code    44  __scatter.o(!!!scatter)
    __scatterload_rt2_thumb_only             0x08000191   Thumb Code     0  __scatter.o(!!!scatter)
    __scatterload_null                       0x0800019f   Thumb Code     0  __scatter.o(!!!scatter)
    __scatterload_copy                       0x080001c5   Thumb Code    26  __scatter_copy.o(!!handler_copy)
    __scatterload_zeroinit                   0x080001e1   Thumb Code    28  __scatter_zi.o(!!handler_zi)
    __rt_lib_init                            0x080001fd   Thumb Code     0  libinit.o(.ARM.Collect$$libinit$$00000000)
    __rt_lib_init_fp_1                       0x080001ff   Thumb Code     0  libinit2.o(.ARM.Collect$$libinit$$00000001)
    __rt_lib_init_alloca_1                   0x08000203   Thumb Code     0  libinit2.o(.ARM.Collect$$libinit$$00000030)
    __rt_lib_init_argv_1                     0x08000203   Thumb Code     0  libinit2.o(.ARM.Collect$$libinit$$0000002E)
    __rt_lib_init_atexit_1                   0x08000203   Thumb Code     0  libinit2.o(.ARM.Collect$$libinit$$0000001D)
    __rt_lib_init_clock_1                    0x08000203   Thumb Code     0  libinit2.o(.ARM.Collect$$libinit$$00000023)
    __rt_lib_init_cpp_1                      0x08000203   Thumb Code     0  libinit2.o(.ARM.Collect$$libinit$$00000034)
    __rt_lib_init_exceptions_1               0x08000203   Thumb Code     0  libinit2.o(.ARM.Collect$$libinit$$00000032)
    __rt_lib_init_fp_trap_1                  0x08000203   Thumb Code     0  libinit2.o(.ARM.Collect$$libinit$$00000021)
    __rt_lib_init_getenv_1                   0x08000203   Thumb Code     0  libinit2.o(.ARM.Collect$$libinit$$00000025)
    __rt_lib_init_heap_1                     0x08000203   Thumb Code     0  libinit2.o(.ARM.Collect$$libinit$$0000000C)
    __rt_lib_init_lc_collate_1               0x08000203   Thumb Code     0  libinit2.o(.ARM.Collect$$libinit$$00000013)
    __rt_lib_init_lc_ctype_1                 0x08000203   Thumb Code     0  libinit2.o(.ARM.Collect$$libinit$$00000015)
    __rt_lib_init_lc_monetary_1              0x08000203   Thumb Code     0  libinit2.o(.ARM.Collect$$libinit$$00000017)
    __rt_lib_init_lc_numeric_1               0x08000203   Thumb Code     0  libinit2.o(.ARM.Collect$$libinit$$00000019)
    __rt_lib_init_lc_time_1                  0x08000203   Thumb Code     0  libinit2.o(.ARM.Collect$$libinit$$0000001B)
    __rt_lib_init_preinit_1                  0x08000203   Thumb Code     0  libinit2.o(.ARM.Collect$$libinit$$00000006)
    __rt_lib_init_rand_1                     0x08000203   Thumb Code     0  libinit2.o(.ARM.Collect$$libinit$$00000010)
    __rt_lib_init_relocate_pie_1             0x08000203   Thumb Code     0  libinit2.o(.ARM.Collect$$libinit$$00000004)
    __rt_lib_init_return                     0x08000203   Thumb Code     0  libinit2.o(.ARM.Collect$$libinit$$00000035)
    __rt_lib_init_signal_1                   0x08000203   Thumb Code     0  libinit2.o(.ARM.Collect$$libinit$$0000001F)
    __rt_lib_init_stdio_1                    0x08000203   Thumb Code     0  libinit2.o(.ARM.Collect$$libinit$$00000027)
    __rt_lib_init_user_alloc_1               0x08000203   Thumb Code     0  libinit2.o(.ARM.Collect$$libinit$$0000000E)
    __rt_lib_shutdown                        0x08000205   Thumb Code     0  libshutdown.o(.ARM.Collect$$libshutdown$$00000000)
    __rt_lib_shutdown_cpp_1                  0x08000207   Thumb Code     0  libshutdown2.o(.ARM.Collect$$libshutdown$$00000002)
    __rt_lib_shutdown_fp_trap_1              0x08000207   Thumb Code     0  libshutdown2.o(.ARM.Collect$$libshutdown$$00000007)
    __rt_lib_shutdown_heap_1                 0x08000207   Thumb Code     0  libshutdown2.o(.ARM.Collect$$libshutdown$$0000000F)
    __rt_lib_shutdown_return                 0x08000207   Thumb Code     0  libshutdown2.o(.ARM.Collect$$libshutdown$$00000010)
    __rt_lib_shutdown_signal_1               0x08000207   Thumb Code     0  libshutdown2.o(.ARM.Collect$$libshutdown$$0000000A)
    __rt_lib_shutdown_stdio_1                0x08000207   Thumb Code     0  libshutdown2.o(.ARM.Collect$$libshutdown$$00000004)
    __rt_lib_shutdown_user_alloc_1           0x08000207   Thumb Code     0  libshutdown2.o(.ARM.Collect$$libshutdown$$0000000C)
    __rt_entry                               0x08000209   Thumb Code     0  __rtentry.o(.ARM.Collect$$rtentry$$00000000)
    __rt_entry_presh_1                       0x08000209   Thumb Code     0  __rtentry2.o(.ARM.Collect$$rtentry$$00000002)
    __rt_entry_sh                            0x08000209   Thumb Code     0  __rtentry4.o(.ARM.Collect$$rtentry$$00000004)
    __rt_entry_li                            0x0800020f   Thumb Code     0  __rtentry2.o(.ARM.Collect$$rtentry$$0000000A)
    __rt_entry_postsh_1                      0x0800020f   Thumb Code     0  __rtentry2.o(.ARM.Collect$$rtentry$$00000009)
    __rt_entry_main                          0x08000213   Thumb Code     0  __rtentry2.o(.ARM.Collect$$rtentry$$0000000D)
    __rt_entry_postli_1                      0x08000213   Thumb Code     0  __rtentry2.o(.ARM.Collect$$rtentry$$0000000C)
    __rt_exit                                0x0800021b   Thumb Code     0  rtexit.o(.ARM.Collect$$rtexit$$00000000)
    __rt_exit_ls                             0x0800021d   Thumb Code     0  rtexit2.o(.ARM.Collect$$rtexit$$00000003)
    __rt_exit_prels_1                        0x0800021d   Thumb Code     0  rtexit2.o(.ARM.Collect$$rtexit$$00000002)
    __rt_exit_exit                           0x08000221   Thumb Code     0  rtexit2.o(.ARM.Collect$$rtexit$$00000004)
    Reset_Handler                            0x08000229   Thumb Code     8  startup_stm32f407xx.o(.text)
    ADC_IRQHandler                           0x08000243   Thumb Code     0  startup_stm32f407xx.o(.text)
    CAN1_RX1_IRQHandler                      0x08000243   Thumb Code     0  startup_stm32f407xx.o(.text)
    CAN1_SCE_IRQHandler                      0x08000243   Thumb Code     0  startup_stm32f407xx.o(.text)
    CAN2_RX1_IRQHandler                      0x08000243   Thumb Code     0  startup_stm32f407xx.o(.text)
    CAN2_SCE_IRQHandler                      0x08000243   Thumb Code     0  startup_stm32f407xx.o(.text)
    DCMI_IRQHandler                          0x08000243   Thumb Code     0  startup_stm32f407xx.o(.text)
    DMA1_Stream0_IRQHandler                  0x08000243   Thumb Code     0  startup_stm32f407xx.o(.text)
    DMA1_Stream2_IRQHandler                  0x08000243   Thumb Code     0  startup_stm32f407xx.o(.text)
    DMA1_Stream3_IRQHandler                  0x08000243   Thumb Code     0  startup_stm32f407xx.o(.text)
    DMA1_Stream4_IRQHandler                  0x08000243   Thumb Code     0  startup_stm32f407xx.o(.text)
    DMA1_Stream5_IRQHandler                  0x08000243   Thumb Code     0  startup_stm32f407xx.o(.text)
    DMA1_Stream6_IRQHandler                  0x08000243   Thumb Code     0  startup_stm32f407xx.o(.text)
    DMA1_Stream7_IRQHandler                  0x08000243   Thumb Code     0  startup_stm32f407xx.o(.text)
    DMA2_Stream0_IRQHandler                  0x08000243   Thumb Code     0  startup_stm32f407xx.o(.text)
    DMA2_Stream1_IRQHandler                  0x08000243   Thumb Code     0  startup_stm32f407xx.o(.text)
    DMA2_Stream2_IRQHandler                  0x08000243   Thumb Code     0  startup_stm32f407xx.o(.text)
    DMA2_Stream3_IRQHandler                  0x08000243   Thumb Code     0  startup_stm32f407xx.o(.text)
    DMA2_Stream4_IRQHandler                  0x08000243   Thumb Code     0  startup_stm32f407xx.o(.text)
    DMA2_Stream5_IRQHandler                  0x08000243   Thumb Code     0  startup_stm32f407xx.o(.text)
    DMA2_Stream6_IRQHandler                  0x08000243   Thumb Code     0  startup_stm32f407xx.o(.text)
    ETH_IRQHandler                           0x08000243   Thumb Code     0  startup_stm32f407xx.o(.text)
    ETH_WKUP_IRQHandler                      0x08000243   Thumb Code     0  startup_stm32f407xx.o(.text)
    EXTI0_IRQHandler                         0x08000243   Thumb Code     0  startup_stm32f407xx.o(.text)
    EXTI15_10_IRQHandler                     0x08000243   Thumb Code     0  startup_stm32f407xx.o(.text)
    EXTI1_IRQHandler                         0x08000243   Thumb Code     0  startup_stm32f407xx.o(.text)
    EXTI2_IRQHandler                         0x08000243   Thumb Code     0  startup_stm32f407xx.o(.text)
    FLASH_IRQHandler                         0x08000243   Thumb Code     0  startup_stm32f407xx.o(.text)
    FMC_IRQHandler                           0x08000243   Thumb Code     0  startup_stm32f407xx.o(.text)
    FPU_IRQHandler                           0x08000243   Thumb Code     0  startup_stm32f407xx.o(.text)
    HASH_RNG_IRQHandler                      0x08000243   Thumb Code     0  startup_stm32f407xx.o(.text)
    I2C1_ER_IRQHandler                       0x08000243   Thumb Code     0  startup_stm32f407xx.o(.text)
    I2C1_EV_IRQHandler                       0x08000243   Thumb Code     0  startup_stm32f407xx.o(.text)
    I2C2_ER_IRQHandler                       0x08000243   Thumb Code     0  startup_stm32f407xx.o(.text)
    I2C2_EV_IRQHandler                       0x08000243   Thumb Code     0  startup_stm32f407xx.o(.text)
    I2C3_ER_IRQHandler                       0x08000243   Thumb Code     0  startup_stm32f407xx.o(.text)
    I2C3_EV_IRQHandler                       0x08000243   Thumb Code     0  startup_stm32f407xx.o(.text)
    OTG_FS_IRQHandler                        0x08000243   Thumb Code     0  startup_stm32f407xx.o(.text)
    OTG_FS_WKUP_IRQHandler                   0x08000243   Thumb Code     0  startup_stm32f407xx.o(.text)
    OTG_HS_EP1_IN_IRQHandler                 0x08000243   Thumb Code     0  startup_stm32f407xx.o(.text)
    OTG_HS_EP1_OUT_IRQHandler                0x08000243   Thumb Code     0  startup_stm32f407xx.o(.text)
    OTG_HS_IRQHandler                        0x08000243   Thumb Code     0  startup_stm32f407xx.o(.text)
    OTG_HS_WKUP_IRQHandler                   0x08000243   Thumb Code     0  startup_stm32f407xx.o(.text)
    PVD_IRQHandler                           0x08000243   Thumb Code     0  startup_stm32f407xx.o(.text)
    RCC_IRQHandler                           0x08000243   Thumb Code     0  startup_stm32f407xx.o(.text)
    RTC_Alarm_IRQHandler                     0x08000243   Thumb Code     0  startup_stm32f407xx.o(.text)
    RTC_WKUP_IRQHandler                      0x08000243   Thumb Code     0  startup_stm32f407xx.o(.text)
    SDIO_IRQHandler                          0x08000243   Thumb Code     0  startup_stm32f407xx.o(.text)
    SPI1_IRQHandler                          0x08000243   Thumb Code     0  startup_stm32f407xx.o(.text)
    SPI2_IRQHandler                          0x08000243   Thumb Code     0  startup_stm32f407xx.o(.text)
    SPI3_IRQHandler                          0x08000243   Thumb Code     0  startup_stm32f407xx.o(.text)
    TAMP_STAMP_IRQHandler                    0x08000243   Thumb Code     0  startup_stm32f407xx.o(.text)
    TIM1_BRK_TIM9_IRQHandler                 0x08000243   Thumb Code     0  startup_stm32f407xx.o(.text)
    TIM1_CC_IRQHandler                       0x08000243   Thumb Code     0  startup_stm32f407xx.o(.text)
    TIM1_TRG_COM_TIM11_IRQHandler            0x08000243   Thumb Code     0  startup_stm32f407xx.o(.text)
    TIM1_UP_TIM10_IRQHandler                 0x08000243   Thumb Code     0  startup_stm32f407xx.o(.text)
    TIM3_IRQHandler                          0x08000243   Thumb Code     0  startup_stm32f407xx.o(.text)
    TIM4_IRQHandler                          0x08000243   Thumb Code     0  startup_stm32f407xx.o(.text)
    TIM5_IRQHandler                          0x08000243   Thumb Code     0  startup_stm32f407xx.o(.text)
    TIM6_DAC_IRQHandler                      0x08000243   Thumb Code     0  startup_stm32f407xx.o(.text)
    TIM7_IRQHandler                          0x08000243   Thumb Code     0  startup_stm32f407xx.o(.text)
    TIM8_BRK_TIM12_IRQHandler                0x08000243   Thumb Code     0  startup_stm32f407xx.o(.text)
    TIM8_CC_IRQHandler                       0x08000243   Thumb Code     0  startup_stm32f407xx.o(.text)
    TIM8_TRG_COM_TIM14_IRQHandler            0x08000243   Thumb Code     0  startup_stm32f407xx.o(.text)
    TIM8_UP_TIM13_IRQHandler                 0x08000243   Thumb Code     0  startup_stm32f407xx.o(.text)
    UART4_IRQHandler                         0x08000243   Thumb Code     0  startup_stm32f407xx.o(.text)
    UART5_IRQHandler                         0x08000243   Thumb Code     0  startup_stm32f407xx.o(.text)
    USART2_IRQHandler                        0x08000243   Thumb Code     0  startup_stm32f407xx.o(.text)
    USART6_IRQHandler                        0x08000243   Thumb Code     0  startup_stm32f407xx.o(.text)
    WWDG_IRQHandler                          0x08000243   Thumb Code     0  startup_stm32f407xx.o(.text)
    __user_initial_stackheap                 0x08000245   Thumb Code     0  startup_stm32f407xx.o(.text)
    __aeabi_uldivmod                         0x08000269   Thumb Code     0  lludivv7m.o(.text)
    _ll_udiv                                 0x08000269   Thumb Code   240  lludivv7m.o(.text)
    __aeabi_memset4                          0x08000359   Thumb Code    16  aeabi_memset4.o(.text)
    __aeabi_memset8                          0x08000359   Thumb Code     0  aeabi_memset4.o(.text)
    __aeabi_memclr4                          0x08000369   Thumb Code     0  rt_memclr_w.o(.text)
    __aeabi_memclr8                          0x08000369   Thumb Code     0  rt_memclr_w.o(.text)
    __rt_memclr_w                            0x08000369   Thumb Code     0  rt_memclr_w.o(.text)
    _memset_w                                0x0800036d   Thumb Code    74  rt_memclr_w.o(.text)
    __use_two_region_memory                  0x080003b7   Thumb Code     2  heapauxi.o(.text)
    __rt_heap_escrow$2region                 0x080003b9   Thumb Code     2  heapauxi.o(.text)
    __rt_heap_expand$2region                 0x080003bb   Thumb Code     2  heapauxi.o(.text)
    __user_libspace                          0x080003bd   Thumb Code     8  libspace.o(.text)
    __user_perproc_libspace                  0x080003bd   Thumb Code     0  libspace.o(.text)
    __user_perthread_libspace                0x080003bd   Thumb Code     0  libspace.o(.text)
    __user_setup_stackheap                   0x080003c5   Thumb Code    74  sys_stackheap_outer.o(.text)
    exit                                     0x0800040f   Thumb Code    18  exit.o(.text)
    _sys_exit                                0x08000421   Thumb Code     8  sys_exit.o(.text)
    __I$use$semihosting                      0x0800042d   Thumb Code     0  use_no_semi.o(.text)
    __use_no_semihosting_swi                 0x0800042d   Thumb Code     2  use_no_semi.o(.text)
    __semihosting_library_function           0x0800042f   Thumb Code     0  indicate_semi.o(.text)
    BusFault_Handler                         0x08000431   Thumb Code     2  stm32f4xx_it.o(.text.BusFault_Handler)
    CAN1_RX0_IRQHandler                      0x08000433   Thumb Code    12  stm32f4xx_it.o(.text.CAN1_RX0_IRQHandler)
    CAN1_TX_IRQHandler                       0x0800043f   Thumb Code    12  stm32f4xx_it.o(.text.CAN1_TX_IRQHandler)
    CAN2_RX0_IRQHandler                      0x0800044b   Thumb Code    12  stm32f4xx_it.o(.text.CAN2_RX0_IRQHandler)
    CAN2_TX_IRQHandler                       0x08000457   Thumb Code    12  stm32f4xx_it.o(.text.CAN2_TX_IRQHandler)
    DMA1_Stream1_IRQHandler                  0x08000463   Thumb Code    12  stm32f4xx_it.o(.text.DMA1_Stream1_IRQHandler)
    DMA2_Stream7_IRQHandler                  0x0800046f   Thumb Code    12  stm32f4xx_it.o(.text.DMA2_Stream7_IRQHandler)
    DebugMon_Handler                         0x0800047b   Thumb Code     2  stm32f4xx_it.o(.text.DebugMon_Handler)
    EXTI3_IRQHandler                         0x0800047d   Thumb Code     6  stm32f4xx_it.o(.text.EXTI3_IRQHandler)
    EXTI4_IRQHandler                         0x08000483   Thumb Code     6  stm32f4xx_it.o(.text.EXTI4_IRQHandler)
    EXTI9_5_IRQHandler                       0x08000489   Thumb Code    24  stm32f4xx_it.o(.text.EXTI9_5_IRQHandler)
    Error_Handler                            0x080004a1   Thumb Code    10  main.o(.text.Error_Handler)
    HAL_CAN_ErrorCallback                    0x080004ab   Thumb Code     2  stm32f4xx_hal_can.o(.text.HAL_CAN_ErrorCallback)
    HAL_CAN_GetRxMessage                     0x080004ad   Thumb Code   268  stm32f4xx_hal_can.o(.text.HAL_CAN_GetRxMessage)
    HAL_CAN_IRQHandler                       0x080005b9   Thumb Code   512  stm32f4xx_hal_can.o(.text.HAL_CAN_IRQHandler)
    HAL_CAN_Init                             0x080007b9   Thumb Code   240  stm32f4xx_hal_can.o(.text.HAL_CAN_Init)
    HAL_CAN_MspInit                          0x080008a9   Thumb Code   288  can.o(.text.HAL_CAN_MspInit)
    HAL_CAN_RxFifo0FullCallback              0x080009c9   Thumb Code     2  stm32f4xx_hal_can.o(.text.HAL_CAN_RxFifo0FullCallback)
    HAL_CAN_RxFifo0MsgPendingCallback        0x080009cb   Thumb Code   108  mycan.o(.text.HAL_CAN_RxFifo0MsgPendingCallback)
    HAL_CAN_RxFifo1FullCallback              0x08000a37   Thumb Code     2  stm32f4xx_hal_can.o(.text.HAL_CAN_RxFifo1FullCallback)
    HAL_CAN_RxFifo1MsgPendingCallback        0x08000a39   Thumb Code     2  stm32f4xx_hal_can.o(.text.HAL_CAN_RxFifo1MsgPendingCallback)
    HAL_CAN_SleepCallback                    0x08000a3b   Thumb Code     2  stm32f4xx_hal_can.o(.text.HAL_CAN_SleepCallback)
    HAL_CAN_TxMailbox0AbortCallback          0x08000a3d   Thumb Code     2  stm32f4xx_hal_can.o(.text.HAL_CAN_TxMailbox0AbortCallback)
    HAL_CAN_TxMailbox0CompleteCallback       0x08000a3f   Thumb Code     2  stm32f4xx_hal_can.o(.text.HAL_CAN_TxMailbox0CompleteCallback)
    HAL_CAN_TxMailbox1AbortCallback          0x08000a41   Thumb Code     2  stm32f4xx_hal_can.o(.text.HAL_CAN_TxMailbox1AbortCallback)
    HAL_CAN_TxMailbox1CompleteCallback       0x08000a43   Thumb Code     2  stm32f4xx_hal_can.o(.text.HAL_CAN_TxMailbox1CompleteCallback)
    HAL_CAN_TxMailbox2AbortCallback          0x08000a45   Thumb Code     2  stm32f4xx_hal_can.o(.text.HAL_CAN_TxMailbox2AbortCallback)
    HAL_CAN_TxMailbox2CompleteCallback       0x08000a47   Thumb Code     2  stm32f4xx_hal_can.o(.text.HAL_CAN_TxMailbox2CompleteCallback)
    HAL_CAN_WakeUpFromRxMsgCallback          0x08000a49   Thumb Code     2  stm32f4xx_hal_can.o(.text.HAL_CAN_WakeUpFromRxMsgCallback)
    HAL_DMA_Abort                            0x08000a4d   Thumb Code   128  stm32f4xx_hal_dma.o(.text.HAL_DMA_Abort)
    HAL_DMA_Abort_IT                         0x08000acd   Thumb Code    36  stm32f4xx_hal_dma.o(.text.HAL_DMA_Abort_IT)
    HAL_DMA_IRQHandler                       0x08000af1   Thumb Code   390  stm32f4xx_hal_dma.o(.text.HAL_DMA_IRQHandler)
    HAL_DMA_Init                             0x08000c79   Thumb Code   328  stm32f4xx_hal_dma.o(.text.HAL_DMA_Init)
    HAL_GPIO_EXTI_Callback                   0x08000dc1   Thumb Code     2  stm32f4xx_hal_gpio.o(.text.HAL_GPIO_EXTI_Callback)
    HAL_GPIO_EXTI_IRQHandler                 0x08000dc3   Thumb Code    22  stm32f4xx_hal_gpio.o(.text.HAL_GPIO_EXTI_IRQHandler)
    HAL_GPIO_Init                            0x08000dd9   Thumb Code   420  stm32f4xx_hal_gpio.o(.text.HAL_GPIO_Init)
    HAL_GPIO_WritePin                        0x08000f7d   Thumb Code    10  stm32f4xx_hal_gpio.o(.text.HAL_GPIO_WritePin)
    HAL_GetTick                              0x08000f87   Thumb Code    12  stm32f4xx_hal.o(.text.HAL_GetTick)
    HAL_IncTick                              0x08000f93   Thumb Code    26  stm32f4xx_hal.o(.text.HAL_IncTick)
    HAL_Init                                 0x08000fad   Thumb Code    54  stm32f4xx_hal.o(.text.HAL_Init)
    HAL_InitTick                             0x08000fe3   Thumb Code   172  stm32f4xx_hal_timebase_tim.o(.text.HAL_InitTick)
    HAL_MspInit                              0x0800108f   Thumb Code    66  stm32f4xx_hal_msp.o(.text.HAL_MspInit)
    HAL_NVIC_EnableIRQ                       0x080010d1   Thumb Code    36  stm32f4xx_hal_cortex.o(.text.HAL_NVIC_EnableIRQ)
    HAL_NVIC_SetPriority                     0x080010f5   Thumb Code    86  stm32f4xx_hal_cortex.o(.text.HAL_NVIC_SetPriority)
    HAL_NVIC_SetPriorityGrouping             0x0800114b   Thumb Code    32  stm32f4xx_hal_cortex.o(.text.HAL_NVIC_SetPriorityGrouping)
    HAL_RCC_ClockConfig                      0x0800116d   Thumb Code   334  stm32f4xx_hal_rcc.o(.text.HAL_RCC_ClockConfig)
    HAL_RCC_GetClockConfig                   0x080012bb   Thumb Code    62  stm32f4xx_hal_rcc.o(.text.HAL_RCC_GetClockConfig)
    HAL_RCC_GetPCLK1Freq                     0x080012f9   Thumb Code    38  stm32f4xx_hal_rcc.o(.text.HAL_RCC_GetPCLK1Freq)
    HAL_RCC_GetPCLK2Freq                     0x0800131f   Thumb Code    38  stm32f4xx_hal_rcc.o(.text.HAL_RCC_GetPCLK2Freq)
    HAL_RCC_GetSysClockFreq                  0x08001345   Thumb Code   104  stm32f4xx_hal_rcc.o(.text.HAL_RCC_GetSysClockFreq)
    HAL_RCC_OscConfig                        0x080013ad   Thumb Code   856  stm32f4xx_hal_rcc.o(.text.HAL_RCC_OscConfig)
    HAL_SPI_Init                             0x08001705   Thumb Code   180  stm32f4xx_hal_spi.o(.text.HAL_SPI_Init)
    HAL_SPI_MspInit                          0x080017b9   Thumb Code   156  spi.o(.text.HAL_SPI_MspInit)
    HAL_TIMEx_BreakCallback                  0x08001855   Thumb Code     2  stm32f4xx_hal_tim_ex.o(.text.HAL_TIMEx_BreakCallback)
    HAL_TIMEx_CommutCallback                 0x08001857   Thumb Code     2  stm32f4xx_hal_tim_ex.o(.text.HAL_TIMEx_CommutCallback)
    HAL_TIM_Base_Init                        0x08001859   Thumb Code    88  stm32f4xx_hal_tim.o(.text.HAL_TIM_Base_Init)
    HAL_TIM_Base_MspInit                     0x080018b1   Thumb Code    50  tim.o(.text.HAL_TIM_Base_MspInit)
    HAL_TIM_Base_Start_IT                    0x080018e3   Thumb Code   160  stm32f4xx_hal_tim.o(.text.HAL_TIM_Base_Start_IT)
    HAL_TIM_IC_CaptureCallback               0x08001983   Thumb Code     2  stm32f4xx_hal_tim.o(.text.HAL_TIM_IC_CaptureCallback)
    HAL_TIM_IRQHandler                       0x08001985   Thumb Code   362  stm32f4xx_hal_tim.o(.text.HAL_TIM_IRQHandler)
    HAL_TIM_MspPostInit                      0x08001aef   Thumb Code    78  tim.o(.text.HAL_TIM_MspPostInit)
    HAL_TIM_OC_DelayElapsedCallback          0x08001b3d   Thumb Code     2  stm32f4xx_hal_tim.o(.text.HAL_TIM_OC_DelayElapsedCallback)
    HAL_TIM_PWM_ConfigChannel                0x08001b41   Thumb Code   152  stm32f4xx_hal_tim.o(.text.HAL_TIM_PWM_ConfigChannel)
    HAL_TIM_PWM_Init                         0x08001bd9   Thumb Code    88  stm32f4xx_hal_tim.o(.text.HAL_TIM_PWM_Init)
    HAL_TIM_PWM_MspInit                      0x08001c31   Thumb Code     2  stm32f4xx_hal_tim.o(.text.HAL_TIM_PWM_MspInit)
    HAL_TIM_PWM_PulseFinishedCallback        0x08001c33   Thumb Code     2  stm32f4xx_hal_tim.o(.text.HAL_TIM_PWM_PulseFinishedCallback)
    HAL_TIM_PeriodElapsedCallback            0x08001c35   Thumb Code    14  main.o(.text.HAL_TIM_PeriodElapsedCallback)
    HAL_TIM_TriggerCallback                  0x08001c43   Thumb Code     2  stm32f4xx_hal_tim.o(.text.HAL_TIM_TriggerCallback)
    HAL_UARTEx_RxEventCallback               0x08001c45   Thumb Code     2  stm32f4xx_hal_uart.o(.text.HAL_UARTEx_RxEventCallback)
    HAL_UART_ErrorCallback                   0x08001c47   Thumb Code     2  stm32f4xx_hal_uart.o(.text.HAL_UART_ErrorCallback)
    HAL_UART_IRQHandler                      0x08001c49   Thumb Code   692  stm32f4xx_hal_uart.o(.text.HAL_UART_IRQHandler)
    HAL_UART_Init                            0x08001efd   Thumb Code    92  stm32f4xx_hal_uart.o(.text.HAL_UART_Init)
    HAL_UART_MspInit                         0x08001f59   Thumb Code   422  usart.o(.text.HAL_UART_MspInit)
    HAL_UART_RxCpltCallback                  0x080020ff   Thumb Code     2  stm32f4xx_hal_uart.o(.text.HAL_UART_RxCpltCallback)
    HAL_UART_TxCpltCallback                  0x08002101   Thumb Code     2  stm32f4xx_hal_uart.o(.text.HAL_UART_TxCpltCallback)
    HardFault_Handler                        0x08002105   Thumb Code     2  stm32f4xx_it.o(.text.HardFault_Handler)
    INSTask                                  0x08002109   Thumb Code    12  freertos.o(.text.INSTask)
    MX_CAN1_Init                             0x08002115   Thumb Code    68  can.o(.text.MX_CAN1_Init)
    MX_CAN2_Init                             0x08002159   Thumb Code    68  can.o(.text.MX_CAN2_Init)
    MX_DMA_Init                              0x0800219d   Thumb Code    92  dma.o(.text.MX_DMA_Init)
    MX_FREERTOS_Init                         0x080021f9   Thumb Code    80  freertos.o(.text.MX_FREERTOS_Init)
    MX_GPIO_Init                             0x08002249   Thumb Code   454  gpio.o(.text.MX_GPIO_Init)
    MX_SPI1_Init                             0x0800240f   Thumb Code    74  spi.o(.text.MX_SPI1_Init)
    MX_TIM10_Init                            0x08002459   Thumb Code   126  tim.o(.text.MX_TIM10_Init)
    MX_USART1_UART_Init                      0x080024d7   Thumb Code    58  usart.o(.text.MX_USART1_UART_Init)
    MX_USART3_UART_Init                      0x08002511   Thumb Code    62  usart.o(.text.MX_USART3_UART_Init)
    MemManage_Handler                        0x08002551   Thumb Code     2  stm32f4xx_it.o(.text.MemManage_Handler)
    NMI_Handler                              0x08002555   Thumb Code     2  stm32f4xx_it.o(.text.NMI_Handler)
    PendSV_Handler                           0x08002561   Thumb Code   100  port.o(.text.PendSV_Handler)
    SVC_Handler                              0x080025d1   Thumb Code    36  port.o(.text.SVC_Handler)
    SysTick_Handler                          0x080025f5   Thumb Code    46  port.o(.text.SysTick_Handler)
    SystemClock_Config                       0x08002625   Thumb Code   174  main.o(.text.SystemClock_Config)
    SystemInit                               0x080026d3   Thumb Code    18  system_stm32f4xx.o(.text.SystemInit)
    TIM2_IRQHandler                          0x080026e5   Thumb Code    12  stm32f4xx_it.o(.text.TIM2_IRQHandler)
    TIM_Base_SetConfig                       0x080026f1   Thumb Code   284  stm32f4xx_hal_tim.o(.text.TIM_Base_SetConfig)
    TIM_OC2_SetConfig                        0x08002871   Thumb Code   104  stm32f4xx_hal_tim.o(.text.TIM_OC2_SetConfig)
    USART1_IRQHandler                        0x08002b95   Thumb Code    12  stm32f4xx_it.o(.text.USART1_IRQHandler)
    USART3_IRQHandler                        0x08002ba1   Thumb Code    12  stm32f4xx_it.o(.text.USART3_IRQHandler)
    UsageFault_Handler                       0x08002bad   Thumb Code     2  stm32f4xx_it.o(.text.UsageFault_Handler)
    get_Motor_Data                           0x08002bb1   Thumb Code   460  motor.o(.text.get_Motor_Data)
    main                                     0x08002d7d   Thumb Code    50  main.o(.text.main)
    osDelay                                  0x08002daf   Thumb Code    16  cmsis_os.o(.text.osDelay)
    osKernelStart                            0x08002dbf   Thumb Code    10  cmsis_os.o(.text.osKernelStart)
    osThreadCreate                           0x08002dc9   Thumb Code    90  cmsis_os.o(.text.osThreadCreate)
    pvPortMalloc                             0x080031d5   Thumb Code   400  heap_4.o(.text.pvPortMalloc)
    pxPortInitialiseStack                    0x08003365   Thumb Code    40  port.o(.text.pxPortInitialiseStack)
    uxListRemove                             0x0800338d   Thumb Code    36  list.o(.text.uxListRemove)
    vApplicationGetIdleTaskMemory            0x080033b1   Thumb Code    26  freertos.o(.text.vApplicationGetIdleTaskMemory)
    vListInitialise                          0x080033cb   Thumb Code    22  list.o(.text.vListInitialise)
    vListInitialiseItem                      0x080033e1   Thumb Code     6  list.o(.text.vListInitialiseItem)
    vListInsert                              0x080033e9   Thumb Code    58  list.o(.text.vListInsert)
    vListInsertEnd                           0x08003423   Thumb Code    28  list.o(.text.vListInsertEnd)
    vPortEnterCritical                       0x08003455   Thumb Code    66  port.o(.text.vPortEnterCritical)
    vPortExitCritical                        0x08003499   Thumb Code    46  port.o(.text.vPortExitCritical)
    vPortFree                                0x080034c9   Thumb Code   136  heap_4.o(.text.vPortFree)
    vPortSetupTimerInterrupt                 0x08003551   Thumb Code    52  port.o(.text.vPortSetupTimerInterrupt)
    vTaskDelay                               0x08003585   Thumb Code    78  tasks.o(.text.vTaskDelay)
    vTaskStartScheduler                      0x080035d5   Thumb Code   120  tasks.o(.text.vTaskStartScheduler)
    vTaskSuspendAll                          0x08003655   Thumb Code    16  tasks.o(.text.vTaskSuspendAll)
    vTaskSwitchContext                       0x08003665   Thumb Code   130  tasks.o(.text.vTaskSwitchContext)
    xPortStartScheduler                      0x080036e9   Thumb Code   298  port.o(.text.xPortStartScheduler)
    xTaskCreate                              0x08003813   Thumb Code    90  tasks.o(.text.xTaskCreate)
    xTaskCreateStatic                        0x0800386d   Thumb Code   118  tasks.o(.text.xTaskCreateStatic)
    xTaskIncrementTick                       0x080038e5   Thumb Code   382  tasks.o(.text.xTaskIncrementTick)
    xTaskResumeAll                           0x08003a65   Thumb Code   306  tasks.o(.text.xTaskResumeAll)
    _fp_init                                 0x08003b97   Thumb Code    26  fpinit.o(x$fpl$fpinit)
    __fplib_config_fpu_vfp                   0x08003baf   Thumb Code     0  fpinit.o(x$fpl$fpinit)
    __fplib_config_pureend_doubles           0x08003baf   Thumb Code     0  fpinit.o(x$fpl$fpinit)
    AHBPrescTable                            0x08003bb0   Data          16  system_stm32f4xx.o(.rodata.AHBPrescTable)
    APBPrescTable                            0x08003bc0   Data           8  system_stm32f4xx.o(.rodata.APBPrescTable)
    Region$$Table$$Base                      0x08003bdc   Number         0  anon$$obj.o(Region$$Table)
    Region$$Table$$Limit                     0x08003bfc   Number         0  anon$$obj.o(Region$$Table)
    Gimbal                                   0x20000000   Data          48  motor.o(.data.Gimbal)
    SystemCoreClock                          0x20000030   Data           4  system_stm32f4xx.o(.data.SystemCoreClock)
    uwTickFreq                               0x20000034   Data           1  stm32f4xx_hal.o(.data.uwTickFreq)
    uwTickPrio                               0x20000038   Data           4  stm32f4xx_hal.o(.data.uwTickPrio)
    __libspace_start                         0x20000040   Data          96  libspace.o(.bss)
    __temporary_stack_top$libspace           0x200000a0   Data           0  libspace.o(.bss)
    hcan1                                    0x200000b4   Data          40  can.o(.bss.hcan1)
    hcan2                                    0x200000dc   Data          40  can.o(.bss.hcan2)
    hcanRxFrame                              0x20000104   Data          36  mycan.o(.bss.hcanRxFrame)
    hdma_usart1_tx                           0x20000128   Data          96  usart.o(.bss.hdma_usart1_tx)
    hdma_usart3_rx                           0x20000188   Data          96  usart.o(.bss.hdma_usart3_rx)
    hspi1                                    0x200001e8   Data          88  spi.o(.bss.hspi1)
    htim10                                   0x20000240   Data          72  tim.o(.bss.htim10)
    htim2                                    0x20000288   Data          72  stm32f4xx_hal_timebase_tim.o(.bss.htim2)
    huart1                                   0x200002d0   Data          68  usart.o(.bss.huart1)
    huart3                                   0x20000314   Data          68  usart.o(.bss.huart3)
    myINSTaskHandle                          0x20000358   Data           4  freertos.o(.bss.myINSTaskHandle)
    pxCurrentTCB                             0x2000035c   Data           4  tasks.o(.bss.pxCurrentTCB)
    uwTick                                   0x20004000   Data           4  stm32f4xx_hal.o(.bss.uwTick)



==============================================================================

Memory Map of the image

  Image Entry point : 0x08000189

  Load Region LR_IROM1 (Base: 0x08000000, Size: 0x00003c40, Max: 0x00100000, ABSOLUTE)

    Execution Region ER_IROM1 (Exec base: 0x08000000, Load base: 0x08000000, Size: 0x00003bfc, Max: 0x00100000, ABSOLUTE)

    Exec Addr    Load Addr    Size         Type   Attr      Idx    E Section Name        Object

    0x08000000   0x08000000   0x00000188   Data   RO          534    RESET               startup_stm32f407xx.o
    0x08000188   0x08000188   0x00000008   Code   RO         2346  * !!!main             c_w.l(__main.o)
    0x08000190   0x08000190   0x00000034   Code   RO         2620    !!!scatter          c_w.l(__scatter.o)
    0x080001c4   0x080001c4   0x0000001a   Code   RO         2622    !!handler_copy      c_w.l(__scatter_copy.o)
    0x080001de   0x080001de   0x00000002   PAD
    0x080001e0   0x080001e0   0x0000001c   Code   RO         2624    !!handler_zi        c_w.l(__scatter_zi.o)
    0x080001fc   0x080001fc   0x00000002   Code   RO         2485    .ARM.Collect$$libinit$$00000000  c_w.l(libinit.o)
    0x080001fe   0x080001fe   0x00000004   Code   RO         2494    .ARM.Collect$$libinit$$00000001  c_w.l(libinit2.o)
    0x08000202   0x08000202   0x00000000   Code   RO         2497    .ARM.Collect$$libinit$$00000004  c_w.l(libinit2.o)
    0x08000202   0x08000202   0x00000000   Code   RO         2499    .ARM.Collect$$libinit$$00000006  c_w.l(libinit2.o)
    0x08000202   0x08000202   0x00000000   Code   RO         2502    .ARM.Collect$$libinit$$0000000C  c_w.l(libinit2.o)
    0x08000202   0x08000202   0x00000000   Code   RO         2504    .ARM.Collect$$libinit$$0000000E  c_w.l(libinit2.o)
    0x08000202   0x08000202   0x00000000   Code   RO         2506    .ARM.Collect$$libinit$$00000010  c_w.l(libinit2.o)
    0x08000202   0x08000202   0x00000000   Code   RO         2509    .ARM.Collect$$libinit$$00000013  c_w.l(libinit2.o)
    0x08000202   0x08000202   0x00000000   Code   RO         2511    .ARM.Collect$$libinit$$00000015  c_w.l(libinit2.o)
    0x08000202   0x08000202   0x00000000   Code   RO         2513    .ARM.Collect$$libinit$$00000017  c_w.l(libinit2.o)
    0x08000202   0x08000202   0x00000000   Code   RO         2515    .ARM.Collect$$libinit$$00000019  c_w.l(libinit2.o)
    0x08000202   0x08000202   0x00000000   Code   RO         2517    .ARM.Collect$$libinit$$0000001B  c_w.l(libinit2.o)
    0x08000202   0x08000202   0x00000000   Code   RO         2519    .ARM.Collect$$libinit$$0000001D  c_w.l(libinit2.o)
    0x08000202   0x08000202   0x00000000   Code   RO         2521    .ARM.Collect$$libinit$$0000001F  c_w.l(libinit2.o)
    0x08000202   0x08000202   0x00000000   Code   RO         2523    .ARM.Collect$$libinit$$00000021  c_w.l(libinit2.o)
    0x08000202   0x08000202   0x00000000   Code   RO         2525    .ARM.Collect$$libinit$$00000023  c_w.l(libinit2.o)
    0x08000202   0x08000202   0x00000000   Code   RO         2527    .ARM.Collect$$libinit$$00000025  c_w.l(libinit2.o)
    0x08000202   0x08000202   0x00000000   Code   RO         2529    .ARM.Collect$$libinit$$00000027  c_w.l(libinit2.o)
    0x08000202   0x08000202   0x00000000   Code   RO         2533    .ARM.Collect$$libinit$$0000002E  c_w.l(libinit2.o)
    0x08000202   0x08000202   0x00000000   Code   RO         2535    .ARM.Collect$$libinit$$00000030  c_w.l(libinit2.o)
    0x08000202   0x08000202   0x00000000   Code   RO         2537    .ARM.Collect$$libinit$$00000032  c_w.l(libinit2.o)
    0x08000202   0x08000202   0x00000000   Code   RO         2539    .ARM.Collect$$libinit$$00000034  c_w.l(libinit2.o)
    0x08000202   0x08000202   0x00000002   Code   RO         2540    .ARM.Collect$$libinit$$00000035  c_w.l(libinit2.o)
    0x08000204   0x08000204   0x00000002   Code   RO         2575    .ARM.Collect$$libshutdown$$00000000  c_w.l(libshutdown.o)
    0x08000206   0x08000206   0x00000000   Code   RO         2603    .ARM.Collect$$libshutdown$$00000002  c_w.l(libshutdown2.o)
    0x08000206   0x08000206   0x00000000   Code   RO         2605    .ARM.Collect$$libshutdown$$00000004  c_w.l(libshutdown2.o)
    0x08000206   0x08000206   0x00000000   Code   RO         2608    .ARM.Collect$$libshutdown$$00000007  c_w.l(libshutdown2.o)
    0x08000206   0x08000206   0x00000000   Code   RO         2611    .ARM.Collect$$libshutdown$$0000000A  c_w.l(libshutdown2.o)
    0x08000206   0x08000206   0x00000000   Code   RO         2613    .ARM.Collect$$libshutdown$$0000000C  c_w.l(libshutdown2.o)
    0x08000206   0x08000206   0x00000000   Code   RO         2616    .ARM.Collect$$libshutdown$$0000000F  c_w.l(libshutdown2.o)
    0x08000206   0x08000206   0x00000002   Code   RO         2617    .ARM.Collect$$libshutdown$$00000010  c_w.l(libshutdown2.o)
    0x08000208   0x08000208   0x00000000   Code   RO         2406    .ARM.Collect$$rtentry$$00000000  c_w.l(__rtentry.o)
    0x08000208   0x08000208   0x00000000   Code   RO         2446    .ARM.Collect$$rtentry$$00000002  c_w.l(__rtentry2.o)
    0x08000208   0x08000208   0x00000006   Code   RO         2458    .ARM.Collect$$rtentry$$00000004  c_w.l(__rtentry4.o)
    0x0800020e   0x0800020e   0x00000000   Code   RO         2448    .ARM.Collect$$rtentry$$00000009  c_w.l(__rtentry2.o)
    0x0800020e   0x0800020e   0x00000004   Code   RO         2449    .ARM.Collect$$rtentry$$0000000A  c_w.l(__rtentry2.o)
    0x08000212   0x08000212   0x00000000   Code   RO         2451    .ARM.Collect$$rtentry$$0000000C  c_w.l(__rtentry2.o)
    0x08000212   0x08000212   0x00000008   Code   RO         2452    .ARM.Collect$$rtentry$$0000000D  c_w.l(__rtentry2.o)
    0x0800021a   0x0800021a   0x00000002   Code   RO         2486    .ARM.Collect$$rtexit$$00000000  c_w.l(rtexit.o)
    0x0800021c   0x0800021c   0x00000000   Code   RO         2546    .ARM.Collect$$rtexit$$00000002  c_w.l(rtexit2.o)
    0x0800021c   0x0800021c   0x00000004   Code   RO         2547    .ARM.Collect$$rtexit$$00000003  c_w.l(rtexit2.o)
    0x08000220   0x08000220   0x00000006   Code   RO         2548    .ARM.Collect$$rtexit$$00000004  c_w.l(rtexit2.o)
    0x08000226   0x08000226   0x00000002   PAD
    0x08000228   0x08000228   0x00000040   Code   RO          535    .text               startup_stm32f407xx.o
    0x08000268   0x08000268   0x000000f0   Code   RO         2328    .text               c_w.l(lludivv7m.o)
    0x08000358   0x08000358   0x00000010   Code   RO         2338    .text               c_w.l(aeabi_memset4.o)
    0x08000368   0x08000368   0x0000004e   Code   RO         2342    .text               c_w.l(rt_memclr_w.o)
    0x080003b6   0x080003b6   0x00000006   Code   RO         2344    .text               c_w.l(heapauxi.o)
    0x080003bc   0x080003bc   0x00000008   Code   RO         2469    .text               c_w.l(libspace.o)
    0x080003c4   0x080003c4   0x0000004a   Code   RO         2472    .text               c_w.l(sys_stackheap_outer.o)
    0x0800040e   0x0800040e   0x00000012   Code   RO         2474    .text               c_w.l(exit.o)
    0x08000420   0x08000420   0x0000000c   Code   RO         2541    .text               c_w.l(sys_exit.o)
    0x0800042c   0x0800042c   0x00000002   Code   RO         2564    .text               c_w.l(use_no_semi.o)
    0x0800042e   0x0800042e   0x00000000   Code   RO         2566    .text               c_w.l(indicate_semi.o)
    0x0800042e   0x0800042e   0x00000002   PAD
    0x08000430   0x08000430   0x00000002   Code   RO          472    .text.BusFault_Handler  stm32f4xx_it.o
    0x08000432   0x08000432   0x0000000c   Code   RO          486    .text.CAN1_RX0_IRQHandler  stm32f4xx_it.o
    0x0800043e   0x0800043e   0x0000000c   Code   RO          484    .text.CAN1_TX_IRQHandler  stm32f4xx_it.o
    0x0800044a   0x0800044a   0x0000000c   Code   RO          498    .text.CAN2_RX0_IRQHandler  stm32f4xx_it.o
    0x08000456   0x08000456   0x0000000c   Code   RO          496    .text.CAN2_TX_IRQHandler  stm32f4xx_it.o
    0x08000462   0x08000462   0x0000000c   Code   RO          482    .text.DMA1_Stream1_IRQHandler  stm32f4xx_it.o
    0x0800046e   0x0800046e   0x0000000c   Code   RO          500    .text.DMA2_Stream7_IRQHandler  stm32f4xx_it.o
    0x0800047a   0x0800047a   0x00000002   Code   RO          476    .text.DebugMon_Handler  stm32f4xx_it.o
    0x0800047c   0x0800047c   0x00000006   Code   RO          478    .text.EXTI3_IRQHandler  stm32f4xx_it.o
    0x08000482   0x08000482   0x00000006   Code   RO          480    .text.EXTI4_IRQHandler  stm32f4xx_it.o
    0x08000488   0x08000488   0x00000018   Code   RO          488    .text.EXTI9_5_IRQHandler  stm32f4xx_it.o
    0x080004a0   0x080004a0   0x0000000a   Code   RO          346    .text.Error_Handler  main.o
    0x080004aa   0x080004aa   0x00000002   Code   RO         1100    .text.HAL_CAN_ErrorCallback  stm32f4xx_hal_can.o
    0x080004ac   0x080004ac   0x0000010c   Code   RO         1066    .text.HAL_CAN_GetRxMessage  stm32f4xx_hal_can.o
    0x080005b8   0x080005b8   0x00000200   Code   RO         1074    .text.HAL_CAN_IRQHandler  stm32f4xx_hal_can.o
    0x080007b8   0x080007b8   0x000000f0   Code   RO         1036    .text.HAL_CAN_Init  stm32f4xx_hal_can.o
    0x080008a8   0x080008a8   0x00000120   Code   RO          390    .text.HAL_CAN_MspInit  can.o
    0x080009c8   0x080009c8   0x00000002   Code   RO         1088    .text.HAL_CAN_RxFifo0FullCallback  stm32f4xx_hal_can.o
    0x080009ca   0x080009ca   0x0000006c   Code   RO           69    .text.HAL_CAN_RxFifo0MsgPendingCallback  mycan.o
    0x08000a36   0x08000a36   0x00000002   Code   RO         1092    .text.HAL_CAN_RxFifo1FullCallback  stm32f4xx_hal_can.o
    0x08000a38   0x08000a38   0x00000002   Code   RO         1094    .text.HAL_CAN_RxFifo1MsgPendingCallback  stm32f4xx_hal_can.o
    0x08000a3a   0x08000a3a   0x00000002   Code   RO         1096    .text.HAL_CAN_SleepCallback  stm32f4xx_hal_can.o
    0x08000a3c   0x08000a3c   0x00000002   Code   RO         1078    .text.HAL_CAN_TxMailbox0AbortCallback  stm32f4xx_hal_can.o
    0x08000a3e   0x08000a3e   0x00000002   Code   RO         1076    .text.HAL_CAN_TxMailbox0CompleteCallback  stm32f4xx_hal_can.o
    0x08000a40   0x08000a40   0x00000002   Code   RO         1082    .text.HAL_CAN_TxMailbox1AbortCallback  stm32f4xx_hal_can.o
    0x08000a42   0x08000a42   0x00000002   Code   RO         1080    .text.HAL_CAN_TxMailbox1CompleteCallback  stm32f4xx_hal_can.o
    0x08000a44   0x08000a44   0x00000002   Code   RO         1086    .text.HAL_CAN_TxMailbox2AbortCallback  stm32f4xx_hal_can.o
    0x08000a46   0x08000a46   0x00000002   Code   RO         1084    .text.HAL_CAN_TxMailbox2CompleteCallback  stm32f4xx_hal_can.o
    0x08000a48   0x08000a48   0x00000002   Code   RO         1098    .text.HAL_CAN_WakeUpFromRxMsgCallback  stm32f4xx_hal_can.o
    0x08000a4a   0x08000a4a   0x00000002   PAD
    0x08000a4c   0x08000a4c   0x00000080   Code   RO         1274    .text.HAL_DMA_Abort  stm32f4xx_hal_dma.o
    0x08000acc   0x08000acc   0x00000024   Code   RO         1276    .text.HAL_DMA_Abort_IT  stm32f4xx_hal_dma.o
    0x08000af0   0x08000af0   0x00000186   Code   RO         1280    .text.HAL_DMA_IRQHandler  stm32f4xx_hal_dma.o
    0x08000c76   0x08000c76   0x00000002   PAD
    0x08000c78   0x08000c78   0x00000148   Code   RO         1266    .text.HAL_DMA_Init  stm32f4xx_hal_dma.o
    0x08000dc0   0x08000dc0   0x00000002   Code   RO         1242    .text.HAL_GPIO_EXTI_Callback  stm32f4xx_hal_gpio.o
    0x08000dc2   0x08000dc2   0x00000016   Code   RO         1240    .text.HAL_GPIO_EXTI_IRQHandler  stm32f4xx_hal_gpio.o
    0x08000dd8   0x08000dd8   0x000001a4   Code   RO         1228    .text.HAL_GPIO_Init  stm32f4xx_hal_gpio.o
    0x08000f7c   0x08000f7c   0x0000000a   Code   RO         1234    .text.HAL_GPIO_WritePin  stm32f4xx_hal_gpio.o
    0x08000f86   0x08000f86   0x0000000c   Code   RO         1419    .text.HAL_GetTick   stm32f4xx_hal.o
    0x08000f92   0x08000f92   0x0000001a   Code   RO         1417    .text.HAL_IncTick   stm32f4xx_hal.o
    0x08000fac   0x08000fac   0x00000036   Code   RO         1407    .text.HAL_Init      stm32f4xx_hal.o
    0x08000fe2   0x08000fe2   0x000000ac   Code   RO          518    .text.HAL_InitTick  stm32f4xx_hal_timebase_tim.o
    0x0800108e   0x0800108e   0x00000042   Code   RO          509    .text.HAL_MspInit   stm32f4xx_hal_msp.o
    0x080010d0   0x080010d0   0x00000024   Code   RO         1365    .text.HAL_NVIC_EnableIRQ  stm32f4xx_hal_cortex.o
    0x080010f4   0x080010f4   0x00000056   Code   RO         1363    .text.HAL_NVIC_SetPriority  stm32f4xx_hal_cortex.o
    0x0800114a   0x0800114a   0x00000020   Code   RO         1361    .text.HAL_NVIC_SetPriorityGrouping  stm32f4xx_hal_cortex.o
    0x0800116a   0x0800116a   0x00000002   PAD
    0x0800116c   0x0800116c   0x0000014e   Code   RO         1120    .text.HAL_RCC_ClockConfig  stm32f4xx_hal_rcc.o
    0x080012ba   0x080012ba   0x0000003e   Code   RO         1138    .text.HAL_RCC_GetClockConfig  stm32f4xx_hal_rcc.o
    0x080012f8   0x080012f8   0x00000026   Code   RO         1132    .text.HAL_RCC_GetPCLK1Freq  stm32f4xx_hal_rcc.o
    0x0800131e   0x0800131e   0x00000026   Code   RO         1134    .text.HAL_RCC_GetPCLK2Freq  stm32f4xx_hal_rcc.o
    0x08001344   0x08001344   0x00000068   Code   RO         1122    .text.HAL_RCC_GetSysClockFreq  stm32f4xx_hal_rcc.o
    0x080013ac   0x080013ac   0x00000358   Code   RO         1118    .text.HAL_RCC_OscConfig  stm32f4xx_hal_rcc.o
    0x08001704   0x08001704   0x000000b4   Code   RO         1498    .text.HAL_SPI_Init  stm32f4xx_hal_spi.o
    0x080017b8   0x080017b8   0x0000009c   Code   RO          416    .text.HAL_SPI_MspInit  spi.o
    0x08001854   0x08001854   0x00000002   Code   RO         1927    .text.HAL_TIMEx_BreakCallback  stm32f4xx_hal_tim_ex.o
    0x08001856   0x08001856   0x00000002   Code   RO         1923    .text.HAL_TIMEx_CommutCallback  stm32f4xx_hal_tim_ex.o
    0x08001858   0x08001858   0x00000058   Code   RO         1616    .text.HAL_TIM_Base_Init  stm32f4xx_hal_tim.o
    0x080018b0   0x080018b0   0x00000032   Code   RO          433    .text.HAL_TIM_Base_MspInit  tim.o
    0x080018e2   0x080018e2   0x000000a0   Code   RO         1630    .text.HAL_TIM_Base_Start_IT  stm32f4xx_hal_tim.o
    0x08001982   0x08001982   0x00000002   Code   RO         1752    .text.HAL_TIM_IC_CaptureCallback  stm32f4xx_hal_tim.o
    0x08001984   0x08001984   0x0000016a   Code   RO         1750    .text.HAL_TIM_IRQHandler  stm32f4xx_hal_tim.o
    0x08001aee   0x08001aee   0x0000004e   Code   RO          431    .text.HAL_TIM_MspPostInit  tim.o
    0x08001b3c   0x08001b3c   0x00000002   Code   RO         1754    .text.HAL_TIM_OC_DelayElapsedCallback  stm32f4xx_hal_tim.o
    0x08001b3e   0x08001b3e   0x00000002   PAD
    0x08001b40   0x08001b40   0x00000098   Code   RO         1776    .text.HAL_TIM_PWM_ConfigChannel  stm32f4xx_hal_tim.o
    0x08001bd8   0x08001bd8   0x00000058   Code   RO         1670    .text.HAL_TIM_PWM_Init  stm32f4xx_hal_tim.o
    0x08001c30   0x08001c30   0x00000002   Code   RO         1672    .text.HAL_TIM_PWM_MspInit  stm32f4xx_hal_tim.o
    0x08001c32   0x08001c32   0x00000002   Code   RO         1756    .text.HAL_TIM_PWM_PulseFinishedCallback  stm32f4xx_hal_tim.o
    0x08001c34   0x08001c34   0x0000000e   Code   RO          348    .text.HAL_TIM_PeriodElapsedCallback  main.o
    0x08001c42   0x08001c42   0x00000002   Code   RO         1760    .text.HAL_TIM_TriggerCallback  stm32f4xx_hal_tim.o
    0x08001c44   0x08001c44   0x00000002   Code   RO         2029    .text.HAL_UARTEx_RxEventCallback  stm32f4xx_hal_uart.o
    0x08001c46   0x08001c46   0x00000002   Code   RO         2027    .text.HAL_UART_ErrorCallback  stm32f4xx_hal_uart.o
    0x08001c48   0x08001c48   0x000002b4   Code   RO         2021    .text.HAL_UART_IRQHandler  stm32f4xx_hal_uart.o
    0x08001efc   0x08001efc   0x0000005c   Code   RO         1941    .text.HAL_UART_Init  stm32f4xx_hal_uart.o
    0x08001f58   0x08001f58   0x000001a6   Code   RO          450    .text.HAL_UART_MspInit  usart.o
    0x080020fe   0x080020fe   0x00000002   Code   RO         2035    .text.HAL_UART_RxCpltCallback  stm32f4xx_hal_uart.o
    0x08002100   0x08002100   0x00000002   Code   RO         2031    .text.HAL_UART_TxCpltCallback  stm32f4xx_hal_uart.o
    0x08002102   0x08002102   0x00000002   PAD
    0x08002104   0x08002104   0x00000002   Code   RO          468    .text.HardFault_Handler  stm32f4xx_it.o
    0x08002106   0x08002106   0x00000002   PAD
    0x08002108   0x08002108   0x0000000c   Code   RO          372    .text.INSTask       freertos.o
    0x08002114   0x08002114   0x00000044   Code   RO          386    .text.MX_CAN1_Init  can.o
    0x08002158   0x08002158   0x00000044   Code   RO          388    .text.MX_CAN2_Init  can.o
    0x0800219c   0x0800219c   0x0000005c   Code   RO          405    .text.MX_DMA_Init   dma.o
    0x080021f8   0x080021f8   0x00000050   Code   RO          370    .text.MX_FREERTOS_Init  freertos.o
    0x08002248   0x08002248   0x000001c6   Code   RO          359    .text.MX_GPIO_Init  gpio.o
    0x0800240e   0x0800240e   0x0000004a   Code   RO          414    .text.MX_SPI1_Init  spi.o
    0x08002458   0x08002458   0x0000007e   Code   RO          429    .text.MX_TIM10_Init  tim.o
    0x080024d6   0x080024d6   0x0000003a   Code   RO          446    .text.MX_USART1_UART_Init  usart.o
    0x08002510   0x08002510   0x0000003e   Code   RO          448    .text.MX_USART3_UART_Init  usart.o
    0x0800254e   0x0800254e   0x00000002   PAD
    0x08002550   0x08002550   0x00000002   Code   RO          470    .text.MemManage_Handler  stm32f4xx_it.o
    0x08002552   0x08002552   0x00000002   PAD
    0x08002554   0x08002554   0x00000002   Code   RO          466    .text.NMI_Handler   stm32f4xx_it.o
    0x08002556   0x08002556   0x0000000a   PAD
    0x08002560   0x08002560   0x00000064   Code   RO         1019    .text.PendSV_Handler  port.o
    0x080025c4   0x080025c4   0x0000000c   PAD
    0x080025d0   0x080025d0   0x00000024   Code   RO         1003    .text.SVC_Handler   port.o
    0x080025f4   0x080025f4   0x0000002e   Code   RO         1021    .text.SysTick_Handler  port.o
    0x08002622   0x08002622   0x00000002   PAD
    0x08002624   0x08002624   0x000000ae   Code   RO          344    .text.SystemClock_Config  main.o
    0x080026d2   0x080026d2   0x00000012   Code   RO          542    .text.SystemInit    system_stm32f4xx.o
    0x080026e4   0x080026e4   0x0000000c   Code   RO          490    .text.TIM2_IRQHandler  stm32f4xx_it.o
    0x080026f0   0x080026f0   0x0000011c   Code   RO         1620    .text.TIM_Base_SetConfig  stm32f4xx_hal_tim.o
    0x0800280c   0x0800280c   0x00000064   Code   RO         1764    .text.TIM_OC1_SetConfig  stm32f4xx_hal_tim.o
    0x08002870   0x08002870   0x00000068   Code   RO         1766    .text.TIM_OC2_SetConfig  stm32f4xx_hal_tim.o
    0x080028d8   0x080028d8   0x00000066   Code   RO         1768    .text.TIM_OC3_SetConfig  stm32f4xx_hal_tim.o
    0x0800293e   0x0800293e   0x0000004e   Code   RO         1770    .text.TIM_OC4_SetConfig  stm32f4xx_hal_tim.o
    0x0800298c   0x0800298c   0x0000000c   Code   RO         2025    .text.UART_DMAAbortOnError  stm32f4xx_hal_uart.o
    0x08002998   0x08002998   0x00000050   Code   RO         1987    .text.UART_EndRxTransfer  stm32f4xx_hal_uart.o
    0x080029e8   0x080029e8   0x000000c4   Code   RO         2023    .text.UART_Receive_IT  stm32f4xx_hal_uart.o
    0x08002aac   0x08002aac   0x000000e8   Code   RO         1945    .text.UART_SetConfig  stm32f4xx_hal_uart.o
    0x08002b94   0x08002b94   0x0000000c   Code   RO          492    .text.USART1_IRQHandler  stm32f4xx_it.o
    0x08002ba0   0x08002ba0   0x0000000c   Code   RO          494    .text.USART3_IRQHandler  stm32f4xx_it.o
    0x08002bac   0x08002bac   0x00000002   Code   RO          474    .text.UsageFault_Handler  stm32f4xx_it.o
    0x08002bae   0x08002bae   0x00000002   PAD
    0x08002bb0   0x08002bb0   0x000001cc   Code   RO          194    .text.get_Motor_Data  motor.o
    0x08002d7c   0x08002d7c   0x00000032   Code   RO          342    .text.main          main.o
    0x08002dae   0x08002dae   0x00000010   Code   RO          869    .text.osDelay       cmsis_os.o
    0x08002dbe   0x08002dbe   0x0000000a   Code   RO          851    .text.osKernelStart  cmsis_os.o
    0x08002dc8   0x08002dc8   0x0000005a   Code   RO          857    .text.osThreadCreate  cmsis_os.o
    0x08002e22   0x08002e22   0x000000a8   Code   RO          729    .text.prvAddCurrentTaskToDelayedList  tasks.o
    0x08002eca   0x08002eca   0x00000002   PAD
    0x08002ecc   0x08002ecc   0x00000116   Code   RO          717    .text.prvAddNewTaskToReadyList  tasks.o
    0x08002fe2   0x08002fe2   0x00000002   PAD
    0x08002fe4   0x08002fe4   0x00000036   Code   RO          723    .text.prvDeleteTCB  tasks.o
    0x0800301a   0x0800301a   0x00000002   PAD
    0x0800301c   0x0800301c   0x0000006c   Code   RO          753    .text.prvIdleTask   tasks.o
    0x08003088   0x08003088   0x0000009c   Code   RO          715    .text.prvInitialiseNewTask  tasks.o
    0x08003124   0x08003124   0x00000052   Code   RO          971    .text.prvInsertBlockIntoFreeList  heap_4.o
    0x08003176   0x08003176   0x00000002   PAD
    0x08003178   0x08003178   0x00000028   Code   RO         1011    .text.prvPortStartFirstTask  port.o
    0x080031a0   0x080031a0   0x00000032   Code   RO         1001    .text.prvTaskExitError  port.o
    0x080031d2   0x080031d2   0x00000002   PAD
    0x080031d4   0x080031d4   0x00000190   Code   RO          969    .text.pvPortMalloc  heap_4.o
    0x08003364   0x08003364   0x00000028   Code   RO          999    .text.pxPortInitialiseStack  port.o
    0x0800338c   0x0800338c   0x00000024   Code   RO          594    .text.uxListRemove  list.o
    0x080033b0   0x080033b0   0x0000001a   Code   RO          368    .text.vApplicationGetIdleTaskMemory  freertos.o
    0x080033ca   0x080033ca   0x00000016   Code   RO          586    .text.vListInitialise  list.o
    0x080033e0   0x080033e0   0x00000006   Code   RO          588    .text.vListInitialiseItem  list.o
    0x080033e6   0x080033e6   0x00000002   PAD
    0x080033e8   0x080033e8   0x0000003a   Code   RO          592    .text.vListInsert   list.o
    0x08003422   0x08003422   0x0000001c   Code   RO          590    .text.vListInsertEnd  list.o
    0x0800343e   0x0800343e   0x00000002   PAD
    0x08003440   0x08003440   0x00000014   Code   RO         1009    .text.vPortEnableVFP  port.o
    0x08003454   0x08003454   0x00000042   Code   RO         1015    .text.vPortEnterCritical  port.o
    0x08003496   0x08003496   0x00000002   PAD
    0x08003498   0x08003498   0x0000002e   Code   RO         1017    .text.vPortExitCritical  port.o
    0x080034c6   0x080034c6   0x00000002   PAD
    0x080034c8   0x080034c8   0x00000088   Code   RO          973    .text.vPortFree     heap_4.o
    0x08003550   0x08003550   0x00000034   Code   RO         1007    .text.vPortSetupTimerInterrupt  port.o
    0x08003584   0x08003584   0x0000004e   Code   RO          733    .text.vTaskDelay    tasks.o
    0x080035d2   0x080035d2   0x00000002   PAD
    0x080035d4   0x080035d4   0x00000080   Code   RO          751    .text.vTaskStartScheduler  tasks.o
    0x08003654   0x08003654   0x00000010   Code   RO          727    .text.vTaskSuspendAll  tasks.o
    0x08003664   0x08003664   0x00000082   Code   RO          745    .text.vTaskSwitchContext  tasks.o
    0x080036e6   0x080036e6   0x00000002   PAD
    0x080036e8   0x080036e8   0x0000012a   Code   RO         1005    .text.xPortStartScheduler  port.o
    0x08003812   0x08003812   0x0000005a   Code   RO          719    .text.xTaskCreate   tasks.o
    0x0800386c   0x0800386c   0x00000076   Code   RO          713    .text.xTaskCreateStatic  tasks.o
    0x080038e2   0x080038e2   0x00000002   PAD
    0x080038e4   0x080038e4   0x0000017e   Code   RO          757    .text.xTaskIncrementTick  tasks.o
    0x08003a62   0x08003a62   0x00000002   PAD
    0x08003a64   0x08003a64   0x00000132   Code   RO          731    .text.xTaskResumeAll  tasks.o
    0x08003b96   0x08003b96   0x0000001a   Code   RO         2558    x$fpl$fpinit        fz_wm.l(fpinit.o)
    0x08003bb0   0x08003bb0   0x00000010   Data   RO          547    .rodata.AHBPrescTable  system_stm32f4xx.o
    0x08003bc0   0x08003bc0   0x00000008   Data   RO          548    .rodata.APBPrescTable  system_stm32f4xx.o
    0x08003bc8   0x08003bc8   0x00000008   Data   RO         1290    .rodata.cst8        stm32f4xx_hal_dma.o
    0x08003bd0   0x08003bd0   0x0000000a   Data   RO          376    .rodata.str1.1      freertos.o
    0x08003bda   0x08003bda   0x00000002   PAD
    0x08003bdc   0x08003bdc   0x00000020   Data   RO         2619    Region$$Table       anon$$obj.o


    Execution Region RW_IRAM1 (Exec base: 0x20000000, Load base: 0x08003c00, Size: 0x00004908, Max: 0x0001c000, ABSOLUTE)

    Exec Addr    Load Addr    Size         Type   Attr      Idx    E Section Name        Object

    0x20000000   0x08003c00   0x00000030   Data   RW          196    .data.Gimbal        motor.o
    0x20000030   0x08003c30   0x00000004   Data   RW          546    .data.SystemCoreClock  system_stm32f4xx.o
    0x20000034   0x08003c34   0x00000001   Data   RW         1462    .data.uwTickFreq    stm32f4xx_hal.o
    0x20000035   0x08003c35   0x00000003   PAD
    0x20000038   0x08003c38   0x00000004   Data   RW         1461    .data.uwTickPrio    stm32f4xx_hal.o
    0x2000003c   0x08003c3c   0x00000004   Data   RW         1027    .data.uxCriticalNesting  port.o
    0x20000040        -       0x00000060   Zero   RW         2470    .bss                c_w.l(libspace.o)
    0x200000a0        -       0x00000004   Zero   RW          396    .bss.HAL_RCC_CAN1_CLK_ENABLED  can.o
    0x200000a4        -       0x00000008   Zero   RW          197    .bss.encoder2Angle.angle_Last  motor.o
    0x200000ac        -       0x00000008   Zero   RW          198    .bss.encoder2Angle.result_Encoder  motor.o
    0x200000b4        -       0x00000028   Zero   RW          394    .bss.hcan1          can.o
    0x200000dc        -       0x00000028   Zero   RW          395    .bss.hcan2          can.o
    0x20000104        -       0x00000024   Zero   RW           74    .bss.hcanRxFrame    mycan.o
    0x20000128        -       0x00000060   Zero   RW          456    .bss.hdma_usart1_tx  usart.o
    0x20000188        -       0x00000060   Zero   RW          457    .bss.hdma_usart3_rx  usart.o
    0x200001e8        -       0x00000058   Zero   RW          420    .bss.hspi1          spi.o
    0x20000240        -       0x00000048   Zero   RW          437    .bss.htim10         tim.o
    0x20000288        -       0x00000048   Zero   RW          524    .bss.htim2          stm32f4xx_hal_timebase_tim.o
    0x200002d0        -       0x00000044   Zero   RW          454    .bss.huart1         usart.o
    0x20000314        -       0x00000044   Zero   RW          455    .bss.huart3         usart.o
    0x20000358        -       0x00000004   Zero   RW          377    .bss.myINSTaskHandle  freertos.o
    0x2000035c        -       0x00000004   Zero   RW          821    .bss.pxCurrentTCB   tasks.o
    0x20000360        -       0x00000004   Zero   RW          831    .bss.pxDelayedTaskList  tasks.o
    0x20000364        -       0x00000004   Zero   RW          983    .bss.pxEnd          heap_4.o
    0x20000368        -       0x00000004   Zero   RW          832    .bss.pxOverflowDelayedTaskList  tasks.o
    0x2000036c        -       0x0000008c   Zero   RW          822    .bss.pxReadyTasksLists  tasks.o
    0x200003f8        -       0x00003c00   Zero   RW          990    .bss.ucHeap         heap_4.o
    0x20003ff8        -       0x00000001   Zero   RW         1025    .bss.ucMaxSysCallPriority  port.o
    0x20003ff9   0x08003c40   0x00000003   PAD
    0x20003ffc        -       0x00000004   Zero   RW         1026    .bss.ulMaxPRIGROUPValue  port.o
    0x20004000        -       0x00000004   Zero   RW         1463    .bss.uwTick         stm32f4xx_hal.o
    0x20004004        -       0x00000004   Zero   RW          827    .bss.uxCurrentNumberOfTasks  tasks.o
    0x20004008        -       0x00000004   Zero   RW          826    .bss.uxDeletedTasksWaitingCleanUp  tasks.o
    0x2000400c        -       0x00000004   Zero   RW          829    .bss.uxSchedulerSuspended  tasks.o
    0x20004010        -       0x00000004   Zero   RW          824    .bss.uxTaskNumber   tasks.o
    0x20004014        -       0x00000004   Zero   RW          823    .bss.uxTopReadyPriority  tasks.o
    0x20004018        -       0x00000001   Zero   RW          984    .bss.xBlockAllocatedBit  heap_4.o
    0x20004019   0x08003c40   0x00000003   PAD
    0x2000401c        -       0x00000014   Zero   RW          840    .bss.xDelayedTaskList1  tasks.o
    0x20004030        -       0x00000014   Zero   RW          841    .bss.xDelayedTaskList2  tasks.o
    0x20004044        -       0x00000004   Zero   RW          985    .bss.xFreeBytesRemaining  heap_4.o
    0x20004048        -       0x00000200   Zero   RW          375    .bss.xIdleStack     freertos.o
    0x20004248        -       0x00000004   Zero   RW          835    .bss.xIdleTaskHandle  tasks.o
    0x2000424c        -       0x00000054   Zero   RW          374    .bss.xIdleTaskTCBBuffer  freertos.o
    0x200042a0        -       0x00000004   Zero   RW          987    .bss.xMinimumEverFreeBytesRemaining  heap_4.o
    0x200042a4        -       0x00000004   Zero   RW          836    .bss.xNextTaskUnblockTime  tasks.o
    0x200042a8        -       0x00000004   Zero   RW          839    .bss.xNumOfOverflows  tasks.o
    0x200042ac        -       0x00000004   Zero   RW          988    .bss.xNumberOfSuccessfulAllocations  heap_4.o
    0x200042b0        -       0x00000004   Zero   RW          989    .bss.xNumberOfSuccessfulFrees  heap_4.o
    0x200042b4        -       0x00000004   Zero   RW          838    .bss.xPendedTicks   tasks.o
    0x200042b8        -       0x00000014   Zero   RW          834    .bss.xPendingReadyList  tasks.o
    0x200042cc        -       0x00000004   Zero   RW          828    .bss.xSchedulerRunning  tasks.o
    0x200042d0        -       0x00000008   Zero   RW          986    .bss.xStart         heap_4.o
    0x200042d8        -       0x00000014   Zero   RW          833    .bss.xSuspendedTaskList  tasks.o
    0x200042ec        -       0x00000014   Zero   RW          825    .bss.xTasksWaitingTermination  tasks.o
    0x20004300        -       0x00000004   Zero   RW          830    .bss.xTickCount     tasks.o
    0x20004304        -       0x00000004   Zero   RW          837    .bss.xYieldPending  tasks.o
    0x20004308        -       0x00000200   Zero   RW          533    HEAP                startup_stm32f407xx.o
    0x20004508        -       0x00000400   Zero   RW          532    STACK               startup_stm32f407xx.o


    Execution Region RW_IRAM2 (Exec base: 0x2001c000, Load base: 0x08003c40, Size: 0x00000000, Max: 0x00004000, ABSOLUTE)

    **** No section assigned to this execution region ****


==============================================================================

Image component sizes


      Code (inc. data)   RO Data    RW Data    ZI Data      Debug   Object Name

       424          0          0          0         84       6597   can.o
       116          0          0          0          0      21799   cmsis_os.o
        92          0          0          0          0       3485   dma.o
       118         28         10          0        600       3137   freertos.o
       454          0          0          0          0       4236   gpio.o
       618          0          0          0      15389       4756   heap_4.o
       150          0          0          0          0       2207   list.o
       248          0          0          0          0       6133   main.o
       460         24          0         48         16       3506   motor.o
       108          0          0          0         36       5107   mycan.o
       794         16          0          4          5       4044   port.o
       230          0          0          0         88       5094   spi.o
        64         26        392          0       1536        832   startup_stm32f407xx.o
        92          0          0          5          4       7277   stm32f4xx_hal.o
      1044          6          0          0          0      13217   stm32f4xx_hal_can.o
       154          0          0          0          0      10367   stm32f4xx_hal_cortex.o
       882          4          8          0          0       9879   stm32f4xx_hal_dma.o
       454          0          0          0          0       5017   stm32f4xx_hal_gpio.o
        66          0          0          0          0       3514   stm32f4xx_hal_msp.o
      1432          0          0          0          0       7256   stm32f4xx_hal_rcc.o
       180          0          0          0          0      21577   stm32f4xx_hal_spi.o
      1528          4          0          0          0      49875   stm32f4xx_hal_tim.o
         4          0          0          0          0      20974   stm32f4xx_hal_tim_ex.o
       172          0          0          0         72       7238   stm32f4xx_hal_timebase_tim.o
      1312          0          0          0          0      24865   stm32f4xx_hal_uart.o
       156          0          0          0          0       8082   stm32f4xx_it.o
        18          0         24          4          0       2629   system_stm32f4xx.o
      2012          8          0          0        300      28944   tasks.o
       254          0          0          0         72       5775   tim.o
       542          0          0          0        328       7312   usart.o

    ----------------------------------------------------------------------
     14246        128        468         64      18536     304731   Object Totals
         0          0         32          0          0          0   (incl. Generated)
        68         12          2          3          6          0   (incl. Padding)

    ----------------------------------------------------------------------

      Code (inc. data)   RO Data    RW Data    ZI Data      Debug   Library Member Name

         8          0          0          0          0         68   __main.o
         0          0          0          0          0          0   __rtentry.o
        12          0          0          0          0          0   __rtentry2.o
         6          0          0          0          0          0   __rtentry4.o
        52          8          0          0          0          0   __scatter.o
        26          0          0          0          0          0   __scatter_copy.o
        28          0          0          0          0          0   __scatter_zi.o
        16          0          0          0          0         68   aeabi_memset4.o
        18          0          0          0          0         80   exit.o
         6          0          0          0          0        152   heapauxi.o
         0          0          0          0          0          0   indicate_semi.o
         2          0          0          0          0          0   libinit.o
         6          0          0          0          0          0   libinit2.o
         2          0          0          0          0          0   libshutdown.o
         2          0          0          0          0          0   libshutdown2.o
         8          4          0          0         96         68   libspace.o
       240          0          0          0          0        100   lludivv7m.o
        78          0          0          0          0         80   rt_memclr_w.o
         2          0          0          0          0          0   rtexit.o
        10          0          0          0          0          0   rtexit2.o
        12          4          0          0          0         68   sys_exit.o
        74          0          0          0          0         80   sys_stackheap_outer.o
         2          0          0          0          0         68   use_no_semi.o
        26          0          0          0          0        116   fpinit.o

    ----------------------------------------------------------------------
       642         16          0          0         96        948   Library Totals
         6          0          0          0          0          0   (incl. Padding)

    ----------------------------------------------------------------------

      Code (inc. data)   RO Data    RW Data    ZI Data      Debug   Library Name

       610         16          0          0         96        832   c_w.l
        26          0          0          0          0        116   fz_wm.l

    ----------------------------------------------------------------------
       642         16          0          0         96        948   Library Totals

    ----------------------------------------------------------------------

==============================================================================


      Code (inc. data)   RO Data    RW Data    ZI Data      Debug   

     14888        144        468         64      18632     304807   Grand Totals
     14888        144        468         64      18632     304807   ELF Image Totals
     14888        144        468         64          0          0   ROM Totals

==============================================================================

    Total RO  Size (Code + RO Data)                15356 (  15.00kB)
    Total RW  Size (RW Data + ZI Data)             18696 (  18.26kB)
    Total ROM Size (Code + RO Data + RW Data)      15420 (  15.06kB)

==============================================================================

